V3 43
FL C:/Users/Eryk/Documents/DokumentyPUT/Elektronika-Cyfrowa/lab7_pomiarT/ver2/binary32_bcd.vhd 2018/05/05.14:08:50 P.20131013
EN work/binary_bcd 1525620968 \
      FL C:/Users/Eryk/Documents/DokumentyPUT/Elektronika-Cyfrowa/lab7_pomiarT/ver2/binary32_bcd.vhd \
      PB ieee/std_logic_1164 1381692176 PB ieee/STD_LOGIC_UNSIGNED 1381692179
AR work/binary_bcd/behaviour 1525620969 \
      FL C:/Users/Eryk/Documents/DokumentyPUT/Elektronika-Cyfrowa/lab7_pomiarT/ver2/binary32_bcd.vhd \
      EN work/binary_bcd 1525620968
FL C:/Users/Eryk/Documents/DokumentyPUT/Elektronika-Cyfrowa/lab7_pomiarT/ver2/debounce5.vhd 2018/05/06.16:23:07 P.20131013
EN work/debounce 1525620970 \
      FL C:/Users/Eryk/Documents/DokumentyPUT/Elektronika-Cyfrowa/lab7_pomiarT/ver2/debounce5.vhd \
      PB ieee/std_logic_1164 1381692176 PB ieee/STD_LOGIC_UNSIGNED 1381692179
AR work/debounce/behav 1525620971 \
      FL C:/Users/Eryk/Documents/DokumentyPUT/Elektronika-Cyfrowa/lab7_pomiarT/ver2/debounce5.vhd \
      EN work/debounce 1525620970
FL C:/Users/Eryk/Documents/DokumentyPUT/Elektronika-Cyfrowa/lab7_pomiarT/ver2/led4_driver.vhd 2014/04/09.12:44:24 P.20131013
EN work/led4_driver 1525620974 \
      FL C:/Users/Eryk/Documents/DokumentyPUT/Elektronika-Cyfrowa/lab7_pomiarT/ver2/led4_driver.vhd \
      PB ieee/std_logic_1164 1381692176
AR work/led4_driver/Behavioral 1525620975 \
      FL C:/Users/Eryk/Documents/DokumentyPUT/Elektronika-Cyfrowa/lab7_pomiarT/ver2/led4_driver.vhd \
      EN work/led4_driver 1525620974 CP an CP sseg CP with
FL C:/Users/Eryk/Documents/DokumentyPUT/Elektronika-Cyfrowa/lab7_pomiarT/ver2/pomiarT.vhf 2018/05/06.17:36:04 P.20131013
EN work/CC16CE_MXILINX_pomiarT 1525620980 \
      FL C:/Users/Eryk/Documents/DokumentyPUT/Elektronika-Cyfrowa/lab7_pomiarT/ver2/pomiarT.vhf \
      PB ieee/std_logic_1164 1381692176 PB ieee/NUMERIC_STD 1381692181 LB UNISIM \
      PH unisim/VCOMPONENTS 1381692182
AR work/CC16CE_MXILINX_pomiarT/BEHAVIORAL 1525620981 \
      FL C:/Users/Eryk/Documents/DokumentyPUT/Elektronika-Cyfrowa/lab7_pomiarT/ver2/pomiarT.vhf \
      EN work/CC16CE_MXILINX_pomiarT 1525620980 CP MUXCY_L CP XORCY CP FDCE CP GND \
      CP VCC CP MUXCY CP AND2 CP AND3 CP INV
EN work/pomiarT 1525620982 \
      FL C:/Users/Eryk/Documents/DokumentyPUT/Elektronika-Cyfrowa/lab7_pomiarT/ver2/pomiarT.vhf \
      PB ieee/std_logic_1164 1381692176 PB ieee/NUMERIC_STD 1381692181 LB UNISIM \
      PH unisim/VCOMPONENTS 1381692182
AR work/pomiarT/BEHAVIORAL 1525620983 \
      FL C:/Users/Eryk/Documents/DokumentyPUT/Elektronika-Cyfrowa/lab7_pomiarT/ver2/pomiarT.vhf \
      EN work/pomiarT 1525620982 CP binary_bcd CP debounce \
      CP CC16CE_MXILINX_pomiarT CP AND2 CP sel5x32_1x32 CP led4_driver \
      CP sig_gen_100Hz CP selpos
FL C:/Users/Eryk/Documents/DokumentyPUT/Elektronika-Cyfrowa/lab7_pomiarT/ver2/sel5x32_1x32.vhd 2018/05/06.17:29:36 P.20131013
EN work/sel5x32_1x32 1525620972 \
      FL C:/Users/Eryk/Documents/DokumentyPUT/Elektronika-Cyfrowa/lab7_pomiarT/ver2/sel5x32_1x32.vhd \
      PB ieee/std_logic_1164 1381692176
AR work/sel5x32_1x32/Behav_sel5x32_1x32 1525620973 \
      FL C:/Users/Eryk/Documents/DokumentyPUT/Elektronika-Cyfrowa/lab7_pomiarT/ver2/sel5x32_1x32.vhd \
      EN work/sel5x32_1x32 1525620972
FL C:/Users/Eryk/Documents/DokumentyPUT/Elektronika-Cyfrowa/lab7_pomiarT/ver2/selpos.vhd 2018/05/06.17:13:15 P.20131013
EN work/selpos 1525620978 \
      FL C:/Users/Eryk/Documents/DokumentyPUT/Elektronika-Cyfrowa/lab7_pomiarT/ver2/selpos.vhd \
      PB ieee/std_logic_1164 1381692176
AR work/selpos/Behav_selpos 1525620979 \
      FL C:/Users/Eryk/Documents/DokumentyPUT/Elektronika-Cyfrowa/lab7_pomiarT/ver2/selpos.vhd \
      EN work/selpos 1525620978
FL C:/Users/Eryk/Documents/DokumentyPUT/Elektronika-Cyfrowa/lab7_pomiarT/ver2/sig_gen_100Hz.vhd 2018/05/06.17:00:47 P.20131013
EN work/sig_gen_100Hz 1525620976 \
      FL C:/Users/Eryk/Documents/DokumentyPUT/Elektronika-Cyfrowa/lab7_pomiarT/ver2/sig_gen_100Hz.vhd \
      PB ieee/std_logic_1164 1381692176 PB ieee/std_logic_arith 1381692177 \
      PB ieee/STD_LOGIC_UNSIGNED 1381692179
AR work/sig_gen_100Hz/Behav_sig_gen_100Hz 1525620977 \
      FL C:/Users/Eryk/Documents/DokumentyPUT/Elektronika-Cyfrowa/lab7_pomiarT/ver2/sig_gen_100Hz.vhd \
      EN work/sig_gen_100Hz 1525620976
