EN clk_gen_50 NULL C:/Xilinx/project/lab3_rejestry/clk_gen_50.vhd sub00/vhpl00 1522355402
AR koderjohnson behavioral C:/Xilinx/project/lab3_rejestry/koderJohnson.vhf sub00/vhpl15 1522353478
EN dekoderjohnson_muser_symulacja_johnson NULL C:/Xilinx/project/lab3_rejestry/symulacja_Johnson.vhf sub00/vhpl02 1522353465
AR dekoder behavioral C:/Xilinx/project/lab3_rejestry/dekoder.vhf sub00/vhpl23 1522355411
EN koderjohnson NULL C:/Xilinx/project/lab3_rejestry/koderJohnson.vhf sub00/vhpl14 1522353477
AR fd4ce_mxilinx_koderjohnson behavioral C:/Xilinx/project/lab3_rejestry/koderJohnson.vhf sub00/vhpl13 1522353476
AR clk_gen_50 behav C:/Xilinx/project/lab3_rejestry/clk_gen_50.vhd sub00/vhpl01 1522355403
EN dekoder_muser_symulacja NULL C:/Xilinx/project/lab3_rejestry/symulacja.vhf sub00/vhpl16 1522355404
AR symulacja_johnson behavioral C:/Xilinx/project/lab3_rejestry/symulacja_Johnson.vhf sub00/vhpl09 1522353472
EN symulacja NULL C:/Xilinx/project/lab3_rejestry/symulacja.vhf sub00/vhpl20 1522355408
EN dekoderjohnson NULL C:/Xilinx/project/lab3_rejestry/dekoderJohnson.vhf sub00/vhpl10 1522353473
EN koder1zn NULL C:/Xilinx/project/lab3_rejestry/koder1zN.vhf sub00/vhpl24 1522355412
EN symulacja_johnson NULL C:/Xilinx/project/lab3_rejestry/symulacja_Johnson.vhf sub00/vhpl08 1522353471
EN fd4ce_mxilinx_koderjohnson NULL C:/Xilinx/project/lab3_rejestry/koderJohnson.vhf sub00/vhpl12 1522353475
AR dekoderjohnson behavioral C:/Xilinx/project/lab3_rejestry/dekoderJohnson.vhf sub00/vhpl11 1522353474
AR koder1zn behavioral C:/Xilinx/project/lab3_rejestry/koder1zN.vhf sub00/vhpl25 1522355413
AR fd4ce_mxilinx_symulacja_johnson behavioral C:/Xilinx/project/lab3_rejestry/symulacja_Johnson.vhf sub00/vhpl05 1522353468
AR symulacja behavioral C:/Xilinx/project/lab3_rejestry/symulacja.vhf sub00/vhpl21 1522355409
AR koderjohnson_muser_symulacja_johnson behavioral C:/Xilinx/project/lab3_rejestry/symulacja_Johnson.vhf sub00/vhpl07 1522353470
AR dekoderjohnson_muser_symulacja_johnson behavioral C:/Xilinx/project/lab3_rejestry/symulacja_Johnson.vhf sub00/vhpl03 1522353466
EN fd4ce_mxilinx_symulacja_johnson NULL C:/Xilinx/project/lab3_rejestry/symulacja_Johnson.vhf sub00/vhpl04 1522353467
EN dekoder NULL C:/Xilinx/project/lab3_rejestry/dekoder.vhf sub00/vhpl22 1522355410
EN koderjohnson_muser_symulacja_johnson NULL C:/Xilinx/project/lab3_rejestry/symulacja_Johnson.vhf sub00/vhpl06 1522353469
AR dekoder_muser_symulacja behavioral C:/Xilinx/project/lab3_rejestry/symulacja.vhf sub00/vhpl17 1522355405
EN koder1zn_muser_symulacja NULL C:/Xilinx/project/lab3_rejestry/symulacja.vhf sub00/vhpl18 1522355406
AR koder1zn_muser_symulacja behavioral C:/Xilinx/project/lab3_rejestry/symulacja.vhf sub00/vhpl19 1522355407
