EN selpos NULL C:/Users/Eryk/Documents/DokumentyPUT/Elektronika-Cyfrowa/lab7_pomiarT/ver2/selpos.vhd sub00/vhpl10 1525620978
AR lcd_2x16_256b mix C:/Users/Eryk/Documents/DokumentyPUT/Elektronika-Cyfrowa/lab7_pomiarT/ver3/LCD_2x16_256b.vhd sub00/vhpl23 1525634814
AR sig_gen_100hz behav_sig_gen_100hz C:/Users/Eryk/Documents/DokumentyPUT/Elektronika-Cyfrowa/lab7_pomiarT/ver2/sig_gen_100Hz.vhd sub00/vhpl09 1525620977
AR cc16ce_mxilinx_pomiart behavioral C:/Users/Eryk/Documents/DokumentyPUT/Elektronika-Cyfrowa/lab7_pomiarT/ver3/pomiarT.vhf sub00/vhpl13 1525634822
AR hex2ascii10 behav_hex2ascii10 C:/Users/Eryk/Documents/DokumentyPUT/Elektronika-Cyfrowa/lab7_pomiarT/ver3/hex2ascii10.vhd sub00/vhpl27 1525634818
EN led4_driver NULL C:/Users/Eryk/Documents/DokumentyPUT/Elektronika-Cyfrowa/lab7_pomiarT/ver2/led4_driver.vhd sub00/vhpl06 1525620974
AR pomiart behavioral C:/Users/Eryk/Documents/DokumentyPUT/Elektronika-Cyfrowa/lab7_pomiarT/ver3/pomiarT.vhf sub00/vhpl15 1525634824
AR nx2_lcd simple C:/Users/Eryk/Documents/DokumentyPUT/Elektronika-Cyfrowa/lab7_pomiarT/ver3/LCD_2x16_256b.vhd sub00/vhpl18 1525634809
AR lcd_ctrl behav C:/Users/Eryk/Documents/DokumentyPUT/Elektronika-Cyfrowa/lab7_pomiarT/ver3/LCD_2x16_256b.vhd sub00/vhpl20 1525634811
EN hex2ascii10 NULL C:/Users/Eryk/Documents/DokumentyPUT/Elektronika-Cyfrowa/lab7_pomiarT/ver3/hex2ascii10.vhd sub00/vhpl26 1525634817
AR led4_driver behavioral C:/Users/Eryk/Documents/DokumentyPUT/Elektronika-Cyfrowa/lab7_pomiarT/ver2/led4_driver.vhd sub00/vhpl07 1525620975
EN cc16ce_mxilinx_pomiart NULL C:/Users/Eryk/Documents/DokumentyPUT/Elektronika-Cyfrowa/lab7_pomiarT/ver3/pomiarT.vhf sub00/vhpl12 1525634821
EN debounce NULL C:/Users/Eryk/Documents/DokumentyPUT/Elektronika-Cyfrowa/lab7_pomiarT/ver3/debounce5.vhd sub00/vhpl02 1525634803
AR hex2ascii behav C:/Users/Eryk/Documents/DokumentyPUT/Elektronika-Cyfrowa/lab7_pomiarT/ver3/hex2ascii.vhd sub00/vhpl29 1525634820
AR ram behav C:/Users/Eryk/Documents/DokumentyPUT/Elektronika-Cyfrowa/lab7_pomiarT/ver3/LCD_2x16_256b.vhd sub00/vhpl22 1525634813
AR selpos behav_selpos C:/Users/Eryk/Documents/DokumentyPUT/Elektronika-Cyfrowa/lab7_pomiarT/ver2/selpos.vhd sub00/vhpl11 1525620979
EN lcd_2x16_256b NULL C:/Users/Eryk/Documents/DokumentyPUT/Elektronika-Cyfrowa/lab7_pomiarT/ver3/LCD_2x16_256b.vhd sub00/vhpl16 1525634807
EN hex2ascii NULL C:/Users/Eryk/Documents/DokumentyPUT/Elektronika-Cyfrowa/lab7_pomiarT/ver3/hex2ascii.vhd sub00/vhpl28 1525634819
EN binary_bcd NULL C:/Users/Eryk/Documents/DokumentyPUT/Elektronika-Cyfrowa/lab7_pomiarT/ver3/binary32_bcd.vhd sub00/vhpl00 1525634801
AR clk_gen_1m_sig behav_clk_gen C:/Users/Eryk/Documents/DokumentyPUT/Elektronika-Cyfrowa/lab7_pomiarT/ver3/clk_gen_1M_sig.vhd sub00/vhpl25 1525634816
EN sel5x32_1x32 NULL C:/Users/Eryk/Documents/DokumentyPUT/Elektronika-Cyfrowa/lab7_pomiarT/ver3/sel5x32_1x32.vhd sub00/vhpl04 1525634805
AR debounce behav C:/Users/Eryk/Documents/DokumentyPUT/Elektronika-Cyfrowa/lab7_pomiarT/ver3/debounce5.vhd sub00/vhpl03 1525634804
EN clk_gen_1m_sig NULL C:/Users/Eryk/Documents/DokumentyPUT/Elektronika-Cyfrowa/lab7_pomiarT/ver3/clk_gen_1M_sig.vhd sub00/vhpl24 1525634815
EN pomiart NULL C:/Users/Eryk/Documents/DokumentyPUT/Elektronika-Cyfrowa/lab7_pomiarT/ver3/pomiarT.vhf sub00/vhpl14 1525634823
EN sig_gen_100hz NULL C:/Users/Eryk/Documents/DokumentyPUT/Elektronika-Cyfrowa/lab7_pomiarT/ver2/sig_gen_100Hz.vhd sub00/vhpl08 1525620976
AR binary_bcd behaviour C:/Users/Eryk/Documents/DokumentyPUT/Elektronika-Cyfrowa/lab7_pomiarT/ver3/binary32_bcd.vhd sub00/vhpl01 1525634802
EN ram NULL C:/Users/Eryk/Documents/DokumentyPUT/Elektronika-Cyfrowa/lab7_pomiarT/ver3/LCD_2x16_256b.vhd sub00/vhpl21 1525634812
AR sel5x32_1x32 behav_sel5x32_1x32 C:/Users/Eryk/Documents/DokumentyPUT/Elektronika-Cyfrowa/lab7_pomiarT/ver3/sel5x32_1x32.vhd sub00/vhpl05 1525634806
EN nx2_lcd NULL C:/Users/Eryk/Documents/DokumentyPUT/Elektronika-Cyfrowa/lab7_pomiarT/ver3/LCD_2x16_256b.vhd sub00/vhpl17 1525634808
EN lcd_ctrl NULL C:/Users/Eryk/Documents/DokumentyPUT/Elektronika-Cyfrowa/lab7_pomiarT/ver3/LCD_2x16_256b.vhd sub00/vhpl19 1525634810
