EN clk_gen_50 NULL C:/Users/Eryk/Documents/DokumentyPUT/Elektronika-Cyfrowa/lab6_pomiarf/testy/clk_gen_50.vhd sub00/vhpl04 1524745473
AR bin2bcd_16_muser_czestotliwosci behavioral C:/Users/Eryk/Documents/DokumentyPUT/Elektronika-Cyfrowa/lab6_pomiarf/testy/czestotliwosci.vhf sub00/vhpl31 1524745510
EN c3_muser_bin2bcd_16 NULL C:/Users/Eryk/Documents/DokumentyPUT/Elektronika-Cyfrowa/lab6_pomiarf/testy/bin2bcd_16.vhf sub00/vhpl22 1524745513
EN m4_1e_mxilinx_mux4_2 NULL C:/Users/Eryk/Documents/DokumentyPUT/Elektronika-Cyfrowa/lab6_pomiarf/testy/mux4_2.vhf sub00/vhpl60 1524745529
AR clk_gen_1hz_v3 behavioral C:/Users/Eryk/Documents/DokumentyPUT/Elektronika-Cyfrowa/lab6_pomiarf/testy/clk_gen_1Hz_v3.vhd sub00/vhpl01 1524745470
AR gen_ctrl fsm C:/Users/Eryk/Documents/DokumentyPUT/Elektronika-Cyfrowa/lab6_pomiarf/testy/gen66_BT.vhd sub00/vhpl20 1524745489
AR dds_gen_v2 behavioral C:/Users/Eryk/Documents/DokumentyPUT/Elektronika-Cyfrowa/lab6_pomiarf/testy/gen66_BT.vhd sub00/vhpl08 1524745477
AR uart_rx mixed C:/Users/Eryk/Documents/DokumentyPUT/Elektronika-Cyfrowa/lab6_pomiarf/testy/gen66_BT.vhd sub00/vhpl18 1524745487
EN m2_1e_mxilinx_czestotliwosci NULL C:/Users/Eryk/Documents/DokumentyPUT/Elektronika-Cyfrowa/lab6_pomiarf/testy/czestotliwosci.vhf sub00/vhpl40 1524745491
EN c3_muser_czestotliwosci NULL C:/Users/Eryk/Documents/DokumentyPUT/Elektronika-Cyfrowa/lab6_pomiarf/testy/czestotliwosci.vhf sub00/vhpl28 1524745507
EN bcd2bin NULL C:/Users/Eryk/Documents/DokumentyPUT/Elektronika-Cyfrowa/lab6_pomiarf/testy/gen66_BT.vhd sub00/vhpl13 1524745482
AR nx2_bt simple C:/Users/Eryk/Documents/DokumentyPUT/Elektronika-Cyfrowa/lab6_pomiarf/testy/gen66_BT.vhd sub00/vhpl12 1524745481
EN dds_gen_v2 NULL C:/Users/Eryk/Documents/DokumentyPUT/Elektronika-Cyfrowa/lab6_pomiarf/testy/gen66_BT.vhd sub00/vhpl07 1524745476
EN mux4_2_muser_czestotliwosci NULL C:/Users/Eryk/Documents/DokumentyPUT/Elektronika-Cyfrowa/lab6_pomiarf/testy/czestotliwosci.vhf sub00/vhpl44 1524745495
AR c3 behavioral C:/Users/Eryk/Documents/DokumentyPUT/Elektronika-Cyfrowa/lab6_pomiarf/testy/C3.vhf sub00/vhpl27 1524745526
AR clk_gen_50 behav C:/Users/Eryk/Documents/DokumentyPUT/Elektronika-Cyfrowa/lab6_pomiarf/testy/clk_gen_50.vhd sub00/vhpl05 1524745474
AR mux4_2_muser_mux16_2 behavioral C:/Users/Eryk/Documents/DokumentyPUT/Elektronika-Cyfrowa/lab6_pomiarf/testy/mux16_2.vhf sub00/vhpl55 1524745522
AR mux16_2_muser_czestotliwosci behavioral C:/Users/Eryk/Documents/DokumentyPUT/Elektronika-Cyfrowa/lab6_pomiarf/testy/czestotliwosci.vhf sub00/vhpl47 1524745498
AR m2_1e_mxilinx_mux16_2 behavioral C:/Users/Eryk/Documents/DokumentyPUT/Elektronika-Cyfrowa/lab6_pomiarf/testy/mux16_2.vhf sub00/vhpl51 1524745518
EN czestotliwosci NULL C:/Users/Eryk/Documents/DokumentyPUT/Elektronika-Cyfrowa/lab6_pomiarf/testy/czestotliwosci.vhf sub00/vhpl38 1524745511
EN led4_driver NULL C:/Users/Eryk/Documents/DokumentyPUT/Elektronika-Cyfrowa/lab6_pomiarf/testy/led4_driver.vhd sub00/vhpl02 1524745471
EN m4_1e_mxilinx_czestotliwosci NULL C:/Users/Eryk/Documents/DokumentyPUT/Elektronika-Cyfrowa/lab6_pomiarf/testy/czestotliwosci.vhf sub00/vhpl42 1524745493
AR bcd2bin behav C:/Users/Eryk/Documents/DokumentyPUT/Elektronika-Cyfrowa/lab6_pomiarf/testy/gen66_BT.vhd sub00/vhpl14 1524745483
AR gen66_bt mix C:/Users/Eryk/Documents/DokumentyPUT/Elektronika-Cyfrowa/lab6_pomiarf/testy/gen66_BT.vhd sub00/vhpl21 1524745490
AR c3_muser_czestotliwosci behavioral C:/Users/Eryk/Documents/DokumentyPUT/Elektronika-Cyfrowa/lab6_pomiarf/testy/czestotliwosci.vhf sub00/vhpl29 1524745508
AR mux16_2 behavioral C:/Users/Eryk/Documents/DokumentyPUT/Elektronika-Cyfrowa/lab6_pomiarf/testy/mux16_2.vhf sub00/vhpl57 1524745524
EN m2_1e_mxilinx_mux4_2 NULL C:/Users/Eryk/Documents/DokumentyPUT/Elektronika-Cyfrowa/lab6_pomiarf/testy/mux4_2.vhf sub00/vhpl58 1524745527
EN cb16ce_mxilinx_czestotliwosci NULL C:/Users/Eryk/Documents/DokumentyPUT/Elektronika-Cyfrowa/lab6_pomiarf/testy/czestotliwosci.vhf sub00/vhpl36 1524745505
EN mux16_2_muser_czestotliwosci NULL C:/Users/Eryk/Documents/DokumentyPUT/Elektronika-Cyfrowa/lab6_pomiarf/testy/czestotliwosci.vhf sub00/vhpl46 1524745497
AR led4_driver behavioral C:/Users/Eryk/Documents/DokumentyPUT/Elektronika-Cyfrowa/lab6_pomiarf/testy/led4_driver.vhd sub00/vhpl03 1524745472
EN m4_1e_mxilinx_mux16_2 NULL C:/Users/Eryk/Documents/DokumentyPUT/Elektronika-Cyfrowa/lab6_pomiarf/testy/mux16_2.vhf sub00/vhpl52 1524745519
EN mux4_2_muser_mux16_2 NULL C:/Users/Eryk/Documents/DokumentyPUT/Elektronika-Cyfrowa/lab6_pomiarf/testy/mux16_2.vhf sub00/vhpl54 1524745521
AR ftce_mxilinx_czestotliwosci behavioral C:/Users/Eryk/Documents/DokumentyPUT/Elektronika-Cyfrowa/lab6_pomiarf/testy/czestotliwosci.vhf sub00/vhpl35 1524745504
EN clk_gen_1hz_v3 NULL C:/Users/Eryk/Documents/DokumentyPUT/Elektronika-Cyfrowa/lab6_pomiarf/testy/clk_gen_1Hz_v3.vhd sub00/vhpl00 1524745469
AR fd16ce_mxilinx_czestotliwosci behavioral C:/Users/Eryk/Documents/DokumentyPUT/Elektronika-Cyfrowa/lab6_pomiarf/testy/czestotliwosci.vhf sub00/vhpl33 1524745502
AR m4_1e_mxilinx_mux4_2 behavioral C:/Users/Eryk/Documents/DokumentyPUT/Elektronika-Cyfrowa/lab6_pomiarf/testy/mux4_2.vhf sub00/vhpl61 1524745530
AR bin2bcd_16 behavioral C:/Users/Eryk/Documents/DokumentyPUT/Elektronika-Cyfrowa/lab6_pomiarf/testy/bin2bcd_16.vhf sub00/vhpl25 1524745516
EN nx2_bt NULL C:/Users/Eryk/Documents/DokumentyPUT/Elektronika-Cyfrowa/lab6_pomiarf/testy/gen66_BT.vhd sub00/vhpl11 1524745480
AR kcuart_rx low_level_definition C:/Users/Eryk/Documents/DokumentyPUT/Elektronika-Cyfrowa/lab6_pomiarf/testy/gen66_BT.vhd sub00/vhpl17 1524745486
EN kcuart_rx NULL C:/Users/Eryk/Documents/DokumentyPUT/Elektronika-Cyfrowa/lab6_pomiarf/testy/gen66_BT.vhd sub00/vhpl16 1524745485
AR m2_1e_mxilinx_czestotliwosci behavioral C:/Users/Eryk/Documents/DokumentyPUT/Elektronika-Cyfrowa/lab6_pomiarf/testy/czestotliwosci.vhf sub00/vhpl41 1524745492
EN bin2bcd_16 NULL C:/Users/Eryk/Documents/DokumentyPUT/Elektronika-Cyfrowa/lab6_pomiarf/testy/bin2bcd_16.vhf sub00/vhpl24 1524745515
AR czestotliwosci behavioral C:/Users/Eryk/Documents/DokumentyPUT/Elektronika-Cyfrowa/lab6_pomiarf/testy/czestotliwosci.vhf sub00/vhpl39 1524745512
EN dcm_4x NULL C:/Users/Eryk/Documents/DokumentyPUT/Elektronika-Cyfrowa/lab6_pomiarf/testy/gen66_BT.vhd sub00/vhpl09 1524745478
EN ftce_mxilinx_czestotliwosci NULL C:/Users/Eryk/Documents/DokumentyPUT/Elektronika-Cyfrowa/lab6_pomiarf/testy/czestotliwosci.vhf sub00/vhpl34 1524745503
AR m4_1e_mxilinx_mux16_2 behavioral C:/Users/Eryk/Documents/DokumentyPUT/Elektronika-Cyfrowa/lab6_pomiarf/testy/mux16_2.vhf sub00/vhpl53 1524745520
EN bin2bcd_16_muser_czestotliwosci NULL C:/Users/Eryk/Documents/DokumentyPUT/Elektronika-Cyfrowa/lab6_pomiarf/testy/czestotliwosci.vhf sub00/vhpl30 1524745509
AR m2_1e_mxilinx_mux4_2 behavioral C:/Users/Eryk/Documents/DokumentyPUT/Elektronika-Cyfrowa/lab6_pomiarf/testy/mux4_2.vhf sub00/vhpl59 1524745528
AR cb16ce_mxilinx_czestotliwosci behavioral C:/Users/Eryk/Documents/DokumentyPUT/Elektronika-Cyfrowa/lab6_pomiarf/testy/czestotliwosci.vhf sub00/vhpl37 1524745506
EN compmc16_mxilinx_czestotliwosci NULL C:/Users/Eryk/Documents/DokumentyPUT/Elektronika-Cyfrowa/lab6_pomiarf/testy/czestotliwosci.vhf sub00/vhpl48 1524745499
EN fd16ce_mxilinx_czestotliwosci NULL C:/Users/Eryk/Documents/DokumentyPUT/Elektronika-Cyfrowa/lab6_pomiarf/testy/czestotliwosci.vhf sub00/vhpl32 1524745501
EN c3 NULL C:/Users/Eryk/Documents/DokumentyPUT/Elektronika-Cyfrowa/lab6_pomiarf/testy/C3.vhf sub00/vhpl26 1524745525
EN gen66_bt NULL C:/Users/Eryk/Documents/DokumentyPUT/Elektronika-Cyfrowa/lab6_pomiarf/testy/gen66_BT.vhd sub00/vhpl06 1524745475
AR mux4_2 behavioral C:/Users/Eryk/Documents/DokumentyPUT/Elektronika-Cyfrowa/lab6_pomiarf/testy/mux4_2.vhf sub00/vhpl63 1524745532
AR c3_muser_bin2bcd_16 behavioral C:/Users/Eryk/Documents/DokumentyPUT/Elektronika-Cyfrowa/lab6_pomiarf/testy/bin2bcd_16.vhf sub00/vhpl23 1524745514
EN gen_ctrl NULL C:/Users/Eryk/Documents/DokumentyPUT/Elektronika-Cyfrowa/lab6_pomiarf/testy/gen66_BT.vhd sub00/vhpl19 1524745488
AR compmc16_mxilinx_czestotliwosci behavioral C:/Users/Eryk/Documents/DokumentyPUT/Elektronika-Cyfrowa/lab6_pomiarf/testy/czestotliwosci.vhf sub00/vhpl49 1524745500
AR m4_1e_mxilinx_czestotliwosci behavioral C:/Users/Eryk/Documents/DokumentyPUT/Elektronika-Cyfrowa/lab6_pomiarf/testy/czestotliwosci.vhf sub00/vhpl43 1524745494
EN uart_rx NULL C:/Users/Eryk/Documents/DokumentyPUT/Elektronika-Cyfrowa/lab6_pomiarf/testy/gen66_BT.vhd sub00/vhpl15 1524745484
AR dcm_4x behavioral C:/Users/Eryk/Documents/DokumentyPUT/Elektronika-Cyfrowa/lab6_pomiarf/testy/gen66_BT.vhd sub00/vhpl10 1524745479
AR mux4_2_muser_czestotliwosci behavioral C:/Users/Eryk/Documents/DokumentyPUT/Elektronika-Cyfrowa/lab6_pomiarf/testy/czestotliwosci.vhf sub00/vhpl45 1524745496
EN m2_1e_mxilinx_mux16_2 NULL C:/Users/Eryk/Documents/DokumentyPUT/Elektronika-Cyfrowa/lab6_pomiarf/testy/mux16_2.vhf sub00/vhpl50 1524745517
EN mux4_2 NULL C:/Users/Eryk/Documents/DokumentyPUT/Elektronika-Cyfrowa/lab6_pomiarf/testy/mux4_2.vhf sub00/vhpl62 1524745531
EN mux16_2 NULL C:/Users/Eryk/Documents/DokumentyPUT/Elektronika-Cyfrowa/lab6_pomiarf/testy/mux16_2.vhf sub00/vhpl56 1524745523
