EN clk_gen_50 NULL C:/Users/Eryk/Documents/DokumentyPUT/Elektronika-Cyfrowa/lab5_licznik/licznik/clk_gen_50.vhd sub00/vhpl00 1523974923
EN dekoderl1_muser_licznikl1 NULL C:/Users/Eryk/Documents/DokumentyPUT/Elektronika-Cyfrowa/lab5_licznik/licznik/licznikL1.vhf sub00/vhpl22 1523974945
AR dekoderl2_muser_symulacja behavioral C:/Users/Eryk/Documents/DokumentyPUT/Elektronika-Cyfrowa/lab5_licznik/licznik/symulacja.vhf sub00/vhpl07 1523974930
AR licznikl2_muser_symulacja behavioral C:/Users/Eryk/Documents/DokumentyPUT/Elektronika-Cyfrowa/lab5_licznik/licznik/symulacja.vhf sub00/vhpl11 1523974934
AR dekoderl2_muser_licznikl2 behavioral C:/Users/Eryk/Documents/DokumentyPUT/Elektronika-Cyfrowa/lab5_licznik/licznik/licznikL2.vhf sub00/vhpl27 1523974950
AR clk_gen_50 behav C:/Users/Eryk/Documents/DokumentyPUT/Elektronika-Cyfrowa/lab5_licznik/licznik/clk_gen_50.vhd sub00/vhpl01 1523974924
EN bin2bcd_muser_symulacja NULL C:/Users/Eryk/Documents/DokumentyPUT/Elektronika-Cyfrowa/lab5_licznik/licznik/symulacja.vhf sub00/vhpl04 1523974927
AR dekoderl1_muser_symulacja behavioral C:/Users/Eryk/Documents/DokumentyPUT/Elektronika-Cyfrowa/lab5_licznik/licznik/symulacja.vhf sub00/vhpl13 1523974936
EN led4_driver NULL C:/Users/Eryk/Documents/DokumentyPUT/Elektronika-Cyfrowa/lab5_licznik/licznik/led4_driver.vhd sub00/vhpl02 1523974925
AR licznik3bit_muser_symulacja behavioral C:/Users/Eryk/Documents/DokumentyPUT/Elektronika-Cyfrowa/lab5_licznik/licznik/symulacja.vhf sub00/vhpl09 1523974932
AR licznikl1 behavioral C:/Users/Eryk/Documents/DokumentyPUT/Elektronika-Cyfrowa/lab5_licznik/licznik/licznikL1.vhf sub00/vhpl25 1523974948
EN licznik3bit NULL C:/Users/Eryk/Documents/DokumentyPUT/Elektronika-Cyfrowa/lab5_licznik/licznik/licznik3bit.vhf sub00/vhpl36 1523974959
AR licznikl1_muser_symulacja behavioral C:/Users/Eryk/Documents/DokumentyPUT/Elektronika-Cyfrowa/lab5_licznik/licznik/symulacja.vhf sub00/vhpl15 1523974938
AR dekoderl1 behavioral C:/Users/Eryk/Documents/DokumentyPUT/Elektronika-Cyfrowa/lab5_licznik/licznik/dekoderL1.vhf sub00/vhpl33 1523974956
AR licznik3bit behavioral C:/Users/Eryk/Documents/DokumentyPUT/Elektronika-Cyfrowa/lab5_licznik/licznik/licznik3bit.vhf sub00/vhpl37 1523974960
EN symulacja NULL C:/Users/Eryk/Documents/DokumentyPUT/Elektronika-Cyfrowa/lab5_licznik/licznik/symulacja.vhf sub00/vhpl16 1523974939
EN dekoderl2_muser_licznikl2 NULL C:/Users/Eryk/Documents/DokumentyPUT/Elektronika-Cyfrowa/lab5_licznik/licznik/licznikL2.vhf sub00/vhpl26 1523974949
EN dekoderl1 NULL C:/Users/Eryk/Documents/DokumentyPUT/Elektronika-Cyfrowa/lab5_licznik/licznik/dekoderL1.vhf sub00/vhpl32 1523974955
AR licznik3bit_muser_licznikl2 behavioral C:/Users/Eryk/Documents/DokumentyPUT/Elektronika-Cyfrowa/lab5_licznik/licznik/licznikL2.vhf sub00/vhpl29 1523974952
EN dekoderl2 NULL C:/Users/Eryk/Documents/DokumentyPUT/Elektronika-Cyfrowa/lab5_licznik/licznik/dekoderL2.vhf sub00/vhpl34 1523974957
AR led4_driver behavioral C:/Users/Eryk/Documents/DokumentyPUT/Elektronika-Cyfrowa/lab5_licznik/licznik/led4_driver.vhd sub00/vhpl03 1523974926
EN bin2bcd NULL C:/Users/Eryk/Documents/DokumentyPUT/Elektronika-Cyfrowa/lab5_licznik/licznik/bin2bcd.vhf sub00/vhpl18 1523974941
EN licznik3bit_muser_symulacja NULL C:/Users/Eryk/Documents/DokumentyPUT/Elektronika-Cyfrowa/lab5_licznik/licznik/symulacja.vhf sub00/vhpl08 1523974931
AR symulacja behavioral C:/Users/Eryk/Documents/DokumentyPUT/Elektronika-Cyfrowa/lab5_licznik/licznik/symulacja.vhf sub00/vhpl17 1523974940
EN dekoderl1_muser_symulacja NULL C:/Users/Eryk/Documents/DokumentyPUT/Elektronika-Cyfrowa/lab5_licznik/licznik/symulacja.vhf sub00/vhpl12 1523974935
AR bin2bcd behavioral C:/Users/Eryk/Documents/DokumentyPUT/Elektronika-Cyfrowa/lab5_licznik/licznik/bin2bcd.vhf sub00/vhpl19 1523974942
EN licznikl1_muser_symulacja NULL C:/Users/Eryk/Documents/DokumentyPUT/Elektronika-Cyfrowa/lab5_licznik/licznik/symulacja.vhf sub00/vhpl14 1523974937
AR licznikl2 behavioral C:/Users/Eryk/Documents/DokumentyPUT/Elektronika-Cyfrowa/lab5_licznik/licznik/licznikL2.vhf sub00/vhpl31 1523974954
EN licznikl1 NULL C:/Users/Eryk/Documents/DokumentyPUT/Elektronika-Cyfrowa/lab5_licznik/licznik/licznikL1.vhf sub00/vhpl24 1523974947
EN licznikl2 NULL C:/Users/Eryk/Documents/DokumentyPUT/Elektronika-Cyfrowa/lab5_licznik/licznik/licznikL2.vhf sub00/vhpl30 1523974953
AR dekoderl2 behavioral C:/Users/Eryk/Documents/DokumentyPUT/Elektronika-Cyfrowa/lab5_licznik/licznik/dekoderL2.vhf sub00/vhpl35 1523974958
AR dekoderl1_muser_licznikl1 behavioral C:/Users/Eryk/Documents/DokumentyPUT/Elektronika-Cyfrowa/lab5_licznik/licznik/licznikL1.vhf sub00/vhpl23 1523974946
AR licznik3bit_muser_licznikl1 behavioral C:/Users/Eryk/Documents/DokumentyPUT/Elektronika-Cyfrowa/lab5_licznik/licznik/licznikL1.vhf sub00/vhpl21 1523974944
EN dekoderl2_muser_symulacja NULL C:/Users/Eryk/Documents/DokumentyPUT/Elektronika-Cyfrowa/lab5_licznik/licznik/symulacja.vhf sub00/vhpl06 1523974929
EN licznik3bit_muser_licznikl1 NULL C:/Users/Eryk/Documents/DokumentyPUT/Elektronika-Cyfrowa/lab5_licznik/licznik/licznikL1.vhf sub00/vhpl20 1523974943
EN licznik3bit_muser_licznikl2 NULL C:/Users/Eryk/Documents/DokumentyPUT/Elektronika-Cyfrowa/lab5_licznik/licznik/licznikL2.vhf sub00/vhpl28 1523974951
EN licznikl2_muser_symulacja NULL C:/Users/Eryk/Documents/DokumentyPUT/Elektronika-Cyfrowa/lab5_licznik/licznik/symulacja.vhf sub00/vhpl10 1523974933
AR bin2bcd_muser_symulacja behavioral C:/Users/Eryk/Documents/DokumentyPUT/Elektronika-Cyfrowa/lab5_licznik/licznik/symulacja.vhf sub00/vhpl05 1523974928
