EN clk_gen_50 NULL C:/Users/Eryk/Documents/DokumentyPUT/Elektronika-Cyfrowa/lab5_licznik/licznik/clk_gen_50.vhd sub00/vhpl00 1523698201
EN dekoderl1_muser_licznikl1 NULL C:/Users/Eryk/Documents/DokumentyPUT/Elektronika-Cyfrowa/lab5_licznik/licznik/licznikL1.vhf sub00/vhpl22 1523698223
AR dekoderl2_muser_symulacja behavioral C:/Users/Eryk/Documents/DokumentyPUT/Elektronika-Cyfrowa/lab5_licznik/licznik/symulacja.vhf sub00/vhpl07 1523698208
AR licznikl2_muser_symulacja behavioral C:/Users/Eryk/Documents/DokumentyPUT/Elektronika-Cyfrowa/lab5_licznik/licznik/symulacja.vhf sub00/vhpl11 1523698212
AR dekoderl2_muser_licznikl2 behavioral C:/Users/Eryk/Documents/DokumentyPUT/Elektronika-Cyfrowa/lab5_licznik/licznik/licznikL2.vhf sub00/vhpl27 1523698228
AR clk_gen_50 behav C:/Users/Eryk/Documents/DokumentyPUT/Elektronika-Cyfrowa/lab5_licznik/licznik/clk_gen_50.vhd sub00/vhpl01 1523698202
EN bin2bcd_muser_symulacja NULL C:/Users/Eryk/Documents/DokumentyPUT/Elektronika-Cyfrowa/lab5_licznik/licznik/symulacja.vhf sub00/vhpl04 1523698205
AR dekoderl1_muser_symulacja behavioral C:/Users/Eryk/Documents/DokumentyPUT/Elektronika-Cyfrowa/lab5_licznik/licznik/symulacja.vhf sub00/vhpl13 1523698214
EN led4_driver NULL C:/Users/Eryk/Documents/DokumentyPUT/Elektronika-Cyfrowa/lab5_licznik/licznik/led4_driver.vhd sub00/vhpl02 1523698203
AR licznik3bit_muser_symulacja behavioral C:/Users/Eryk/Documents/DokumentyPUT/Elektronika-Cyfrowa/lab5_licznik/licznik/symulacja.vhf sub00/vhpl09 1523698210
AR licznikl1 behavioral C:/Users/Eryk/Documents/DokumentyPUT/Elektronika-Cyfrowa/lab5_licznik/licznik/licznikL1.vhf sub00/vhpl25 1523698226
EN licznik3bit NULL C:/Users/Eryk/Documents/DokumentyPUT/Elektronika-Cyfrowa/lab5_licznik/licznik/licznik3bit.vhf sub00/vhpl36 1523698237
AR licznikl1_muser_symulacja behavioral C:/Users/Eryk/Documents/DokumentyPUT/Elektronika-Cyfrowa/lab5_licznik/licznik/symulacja.vhf sub00/vhpl15 1523698216
AR dekoderl1 behavioral C:/Users/Eryk/Documents/DokumentyPUT/Elektronika-Cyfrowa/lab5_licznik/licznik/dekoderL1.vhf sub00/vhpl33 1523698234
AR licznik3bit behavioral C:/Users/Eryk/Documents/DokumentyPUT/Elektronika-Cyfrowa/lab5_licznik/licznik/licznik3bit.vhf sub00/vhpl37 1523698238
EN symulacja NULL C:/Users/Eryk/Documents/DokumentyPUT/Elektronika-Cyfrowa/lab5_licznik/licznik/symulacja.vhf sub00/vhpl16 1523698217
EN dekoderl2_muser_licznikl2 NULL C:/Users/Eryk/Documents/DokumentyPUT/Elektronika-Cyfrowa/lab5_licznik/licznik/licznikL2.vhf sub00/vhpl26 1523698227
EN dekoderl1 NULL C:/Users/Eryk/Documents/DokumentyPUT/Elektronika-Cyfrowa/lab5_licznik/licznik/dekoderL1.vhf sub00/vhpl32 1523698233
AR licznik3bit_muser_licznikl2 behavioral C:/Users/Eryk/Documents/DokumentyPUT/Elektronika-Cyfrowa/lab5_licznik/licznik/licznikL2.vhf sub00/vhpl29 1523698230
EN dekoderl2 NULL C:/Users/Eryk/Documents/DokumentyPUT/Elektronika-Cyfrowa/lab5_licznik/licznik/dekoderL2.vhf sub00/vhpl34 1523698235
AR led4_driver behavioral C:/Users/Eryk/Documents/DokumentyPUT/Elektronika-Cyfrowa/lab5_licznik/licznik/led4_driver.vhd sub00/vhpl03 1523698204
EN bin2bcd NULL C:/Users/Eryk/Documents/DokumentyPUT/Elektronika-Cyfrowa/lab5_licznik/licznik/bin2bcd.vhf sub00/vhpl18 1523698219
EN licznik3bit_muser_symulacja NULL C:/Users/Eryk/Documents/DokumentyPUT/Elektronika-Cyfrowa/lab5_licznik/licznik/symulacja.vhf sub00/vhpl08 1523698209
AR symulacja behavioral C:/Users/Eryk/Documents/DokumentyPUT/Elektronika-Cyfrowa/lab5_licznik/licznik/symulacja.vhf sub00/vhpl17 1523698218
EN dekoderl1_muser_symulacja NULL C:/Users/Eryk/Documents/DokumentyPUT/Elektronika-Cyfrowa/lab5_licznik/licznik/symulacja.vhf sub00/vhpl12 1523698213
AR bin2bcd behavioral C:/Users/Eryk/Documents/DokumentyPUT/Elektronika-Cyfrowa/lab5_licznik/licznik/bin2bcd.vhf sub00/vhpl19 1523698220
EN licznikl1_muser_symulacja NULL C:/Users/Eryk/Documents/DokumentyPUT/Elektronika-Cyfrowa/lab5_licznik/licznik/symulacja.vhf sub00/vhpl14 1523698215
AR licznikl2 behavioral C:/Users/Eryk/Documents/DokumentyPUT/Elektronika-Cyfrowa/lab5_licznik/licznik/licznikL2.vhf sub00/vhpl31 1523698232
EN licznikl1 NULL C:/Users/Eryk/Documents/DokumentyPUT/Elektronika-Cyfrowa/lab5_licznik/licznik/licznikL1.vhf sub00/vhpl24 1523698225
EN licznikl2 NULL C:/Users/Eryk/Documents/DokumentyPUT/Elektronika-Cyfrowa/lab5_licznik/licznik/licznikL2.vhf sub00/vhpl30 1523698231
AR dekoderl2 behavioral C:/Users/Eryk/Documents/DokumentyPUT/Elektronika-Cyfrowa/lab5_licznik/licznik/dekoderL2.vhf sub00/vhpl35 1523698236
AR dekoderl1_muser_licznikl1 behavioral C:/Users/Eryk/Documents/DokumentyPUT/Elektronika-Cyfrowa/lab5_licznik/licznik/licznikL1.vhf sub00/vhpl23 1523698224
AR licznik3bit_muser_licznikl1 behavioral C:/Users/Eryk/Documents/DokumentyPUT/Elektronika-Cyfrowa/lab5_licznik/licznik/licznikL1.vhf sub00/vhpl21 1523698222
EN dekoderl2_muser_symulacja NULL C:/Users/Eryk/Documents/DokumentyPUT/Elektronika-Cyfrowa/lab5_licznik/licznik/symulacja.vhf sub00/vhpl06 1523698207
EN licznik3bit_muser_licznikl1 NULL C:/Users/Eryk/Documents/DokumentyPUT/Elektronika-Cyfrowa/lab5_licznik/licznik/licznikL1.vhf sub00/vhpl20 1523698221
EN licznik3bit_muser_licznikl2 NULL C:/Users/Eryk/Documents/DokumentyPUT/Elektronika-Cyfrowa/lab5_licznik/licznik/licznikL2.vhf sub00/vhpl28 1523698229
EN licznikl2_muser_symulacja NULL C:/Users/Eryk/Documents/DokumentyPUT/Elektronika-Cyfrowa/lab5_licznik/licznik/symulacja.vhf sub00/vhpl10 1523698211
AR bin2bcd_muser_symulacja behavioral C:/Users/Eryk/Documents/DokumentyPUT/Elektronika-Cyfrowa/lab5_licznik/licznik/symulacja.vhf sub00/vhpl05 1523698206
