EN clk_gen_50 NULL C:/Users/Eryk/Documents/DokumentyPUT/Elektronika-Cyfrowa/lab6_pomiarf/ver3/clk_gen_50.vhd sub00/vhpl04 1525361430
AR bin2bcd_16_muser_czestotliwosci behavioral C:/Users/Eryk/Documents/DokumentyPUT/Elektronika-Cyfrowa/lab6_pomiarf/ver3/czestotliwosci.vhf sub00/vhpl31 1525361471
EN c3_muser_bin2bcd_16 NULL C:/Users/Eryk/Documents/DokumentyPUT/Elektronika-Cyfrowa/lab6_pomiarf/ver3/bin2bcd_16.vhf sub00/vhpl22 1525361474
EN m4_1e_mxilinx_mux4_2 NULL C:/Users/Eryk/Documents/DokumentyPUT/Elektronika-Cyfrowa/lab6_pomiarf/testy/mux4_2.vhf sub00/vhpl60 1524745529
AR clk_gen_1hz_v3 behavioral C:/Users/Eryk/Documents/DokumentyPUT/Elektronika-Cyfrowa/lab6_pomiarf/ver3/clk_gen_1Hz_v3.vhd sub00/vhpl01 1525361427
AR gen_ctrl fsm C:/Users/Eryk/Documents/DokumentyPUT/Elektronika-Cyfrowa/lab6_pomiarf/ver3/gen66_BT.vhd sub00/vhpl20 1525361446
AR dds_gen_v2 behavioral C:/Users/Eryk/Documents/DokumentyPUT/Elektronika-Cyfrowa/lab6_pomiarf/ver3/gen66_BT.vhd sub00/vhpl08 1525361434
AR uart_rx mixed C:/Users/Eryk/Documents/DokumentyPUT/Elektronika-Cyfrowa/lab6_pomiarf/ver3/gen66_BT.vhd sub00/vhpl18 1525361444
EN c3_muser_czestotliwosci NULL C:/Users/Eryk/Documents/DokumentyPUT/Elektronika-Cyfrowa/lab6_pomiarf/ver3/czestotliwosci.vhf sub00/vhpl28 1525361468
EN m2_1e_mxilinx_czestotliwosci NULL C:/Users/Eryk/Documents/DokumentyPUT/Elektronika-Cyfrowa/lab6_pomiarf/ver3/czestotliwosci.vhf sub00/vhpl40 1525361454
EN bcd2bin NULL C:/Users/Eryk/Documents/DokumentyPUT/Elektronika-Cyfrowa/lab6_pomiarf/ver3/gen66_BT.vhd sub00/vhpl13 1525361439
AR nx2_bt simple C:/Users/Eryk/Documents/DokumentyPUT/Elektronika-Cyfrowa/lab6_pomiarf/ver3/gen66_BT.vhd sub00/vhpl12 1525361438
AR cb2ce_mxilinx_czestotliwosci behavioral C:/Users/Eryk/Documents/DokumentyPUT/Elektronika-Cyfrowa/lab6_pomiarf/ver3/czestotliwosci.vhf sub00/vhpl65 1525361451
EN counterlogic NULL C:/Users/Eryk/Documents/DokumentyPUT/Elektronika-Cyfrowa/lab6_pomiarf/ver3/counterlogic.vhf sub00/vhpl72 1525361482
EN dds_gen_v2 NULL C:/Users/Eryk/Documents/DokumentyPUT/Elektronika-Cyfrowa/lab6_pomiarf/ver3/gen66_BT.vhd sub00/vhpl07 1525361433
EN mux4_2_muser_czestotliwosci NULL C:/Users/Eryk/Documents/DokumentyPUT/Elektronika-Cyfrowa/lab6_pomiarf/ver3/czestotliwosci.vhf sub00/vhpl44 1525361458
AR c3 behavioral C:/Users/Eryk/Documents/DokumentyPUT/Elektronika-Cyfrowa/lab6_pomiarf/ver3/C3.vhf sub00/vhpl27 1525361485
AR clk_gen_50 behav C:/Users/Eryk/Documents/DokumentyPUT/Elektronika-Cyfrowa/lab6_pomiarf/ver3/clk_gen_50.vhd sub00/vhpl05 1525361431
AR mux4_2_muser_mux16_2 behavioral C:/Users/Eryk/Documents/DokumentyPUT/Elektronika-Cyfrowa/lab6_pomiarf/testy/mux16_2.vhf sub00/vhpl55 1524745522
AR mux16_2_muser_czestotliwosci behavioral C:/Users/Eryk/Documents/DokumentyPUT/Elektronika-Cyfrowa/lab6_pomiarf/ver3/czestotliwosci.vhf sub00/vhpl47 1525361461
AR m2_1e_mxilinx_mux16_2 behavioral C:/Users/Eryk/Documents/DokumentyPUT/Elektronika-Cyfrowa/lab6_pomiarf/testy/mux16_2.vhf sub00/vhpl51 1524745518
EN czestotliwosci NULL C:/Users/Eryk/Documents/DokumentyPUT/Elektronika-Cyfrowa/lab6_pomiarf/ver3/czestotliwosci.vhf sub00/vhpl38 1525361472
EN led4_driver NULL C:/Users/Eryk/Documents/DokumentyPUT/Elektronika-Cyfrowa/lab6_pomiarf/ver3/led4_driver.vhd sub00/vhpl02 1525361428
EN m4_1e_mxilinx_czestotliwosci NULL C:/Users/Eryk/Documents/DokumentyPUT/Elektronika-Cyfrowa/lab6_pomiarf/ver3/czestotliwosci.vhf sub00/vhpl42 1525361456
AR bcd2bin behav C:/Users/Eryk/Documents/DokumentyPUT/Elektronika-Cyfrowa/lab6_pomiarf/ver3/gen66_BT.vhd sub00/vhpl14 1525361440
EN ftce_mxilinx_counterlogic NULL C:/Users/Eryk/Documents/DokumentyPUT/Elektronika-Cyfrowa/lab6_pomiarf/ver3/counterlogic.vhf sub00/vhpl68 1525361478
AR gen66_bt mix C:/Users/Eryk/Documents/DokumentyPUT/Elektronika-Cyfrowa/lab6_pomiarf/ver3/gen66_BT.vhd sub00/vhpl21 1525361447
AR c3_muser_czestotliwosci behavioral C:/Users/Eryk/Documents/DokumentyPUT/Elektronika-Cyfrowa/lab6_pomiarf/ver3/czestotliwosci.vhf sub00/vhpl29 1525361469
AR mux16_2 behavioral C:/Users/Eryk/Documents/DokumentyPUT/Elektronika-Cyfrowa/lab6_pomiarf/testy/mux16_2.vhf sub00/vhpl57 1524745524
EN m2_1e_mxilinx_mux4_2 NULL C:/Users/Eryk/Documents/DokumentyPUT/Elektronika-Cyfrowa/lab6_pomiarf/testy/mux4_2.vhf sub00/vhpl58 1524745527
EN cb16ce_mxilinx_czestotliwosci NULL C:/Users/Eryk/Documents/DokumentyPUT/Elektronika-Cyfrowa/lab6_pomiarf/ver3/czestotliwosci.vhf sub00/vhpl36 1525361466
EN mux16_2_muser_czestotliwosci NULL C:/Users/Eryk/Documents/DokumentyPUT/Elektronika-Cyfrowa/lab6_pomiarf/ver3/czestotliwosci.vhf sub00/vhpl46 1525361460
AR led4_driver behavioral C:/Users/Eryk/Documents/DokumentyPUT/Elektronika-Cyfrowa/lab6_pomiarf/ver3/led4_driver.vhd sub00/vhpl03 1525361429
EN m4_1e_mxilinx_mux16_2 NULL C:/Users/Eryk/Documents/DokumentyPUT/Elektronika-Cyfrowa/lab6_pomiarf/testy/mux16_2.vhf sub00/vhpl52 1524745519
EN mux4_2_muser_mux16_2 NULL C:/Users/Eryk/Documents/DokumentyPUT/Elektronika-Cyfrowa/lab6_pomiarf/testy/mux16_2.vhf sub00/vhpl54 1524745521
AR ftce_mxilinx_czestotliwosci behavioral C:/Users/Eryk/Documents/DokumentyPUT/Elektronika-Cyfrowa/lab6_pomiarf/ver3/czestotliwosci.vhf sub00/vhpl35 1525361449
EN clk_gen_1hz_v3 NULL C:/Users/Eryk/Documents/DokumentyPUT/Elektronika-Cyfrowa/lab6_pomiarf/ver3/clk_gen_1Hz_v3.vhd sub00/vhpl00 1525361426
AR fd16ce_mxilinx_czestotliwosci behavioral C:/Users/Eryk/Documents/DokumentyPUT/Elektronika-Cyfrowa/lab6_pomiarf/ver3/czestotliwosci.vhf sub00/vhpl33 1525361465
AR m4_1e_mxilinx_mux4_2 behavioral C:/Users/Eryk/Documents/DokumentyPUT/Elektronika-Cyfrowa/lab6_pomiarf/testy/mux4_2.vhf sub00/vhpl61 1524745530
AR bin2bcd_16 behavioral C:/Users/Eryk/Documents/DokumentyPUT/Elektronika-Cyfrowa/lab6_pomiarf/ver3/bin2bcd_16.vhf sub00/vhpl25 1525361477
EN cb2ce_mxilinx_counterlogic NULL C:/Users/Eryk/Documents/DokumentyPUT/Elektronika-Cyfrowa/lab6_pomiarf/ver3/counterlogic.vhf sub00/vhpl70 1525361480
EN nx2_bt NULL C:/Users/Eryk/Documents/DokumentyPUT/Elektronika-Cyfrowa/lab6_pomiarf/ver3/gen66_BT.vhd sub00/vhpl11 1525361437
AR kcuart_rx low_level_definition C:/Users/Eryk/Documents/DokumentyPUT/Elektronika-Cyfrowa/lab6_pomiarf/ver3/gen66_BT.vhd sub00/vhpl17 1525361443
EN kcuart_rx NULL C:/Users/Eryk/Documents/DokumentyPUT/Elektronika-Cyfrowa/lab6_pomiarf/ver3/gen66_BT.vhd sub00/vhpl16 1525361442
AR m2_1e_mxilinx_czestotliwosci behavioral C:/Users/Eryk/Documents/DokumentyPUT/Elektronika-Cyfrowa/lab6_pomiarf/ver3/czestotliwosci.vhf sub00/vhpl41 1525361455
EN bin2bcd_16 NULL C:/Users/Eryk/Documents/DokumentyPUT/Elektronika-Cyfrowa/lab6_pomiarf/ver3/bin2bcd_16.vhf sub00/vhpl24 1525361476
AR czestotliwosci behavioral C:/Users/Eryk/Documents/DokumentyPUT/Elektronika-Cyfrowa/lab6_pomiarf/ver3/czestotliwosci.vhf sub00/vhpl39 1525361473
AR cb2ce_mxilinx_counterlogic behavioral C:/Users/Eryk/Documents/DokumentyPUT/Elektronika-Cyfrowa/lab6_pomiarf/ver3/counterlogic.vhf sub00/vhpl71 1525361481
AR counterlogic behavioral C:/Users/Eryk/Documents/DokumentyPUT/Elektronika-Cyfrowa/lab6_pomiarf/ver3/counterlogic.vhf sub00/vhpl73 1525361483
EN dcm_4x NULL C:/Users/Eryk/Documents/DokumentyPUT/Elektronika-Cyfrowa/lab6_pomiarf/ver3/gen66_BT.vhd sub00/vhpl09 1525361435
EN ftce_mxilinx_czestotliwosci NULL C:/Users/Eryk/Documents/DokumentyPUT/Elektronika-Cyfrowa/lab6_pomiarf/ver3/czestotliwosci.vhf sub00/vhpl34 1525361448
AR m4_1e_mxilinx_mux16_2 behavioral C:/Users/Eryk/Documents/DokumentyPUT/Elektronika-Cyfrowa/lab6_pomiarf/testy/mux16_2.vhf sub00/vhpl53 1524745520
EN bin2bcd_16_muser_czestotliwosci NULL C:/Users/Eryk/Documents/DokumentyPUT/Elektronika-Cyfrowa/lab6_pomiarf/ver3/czestotliwosci.vhf sub00/vhpl30 1525361470
AR m2_1e_mxilinx_mux4_2 behavioral C:/Users/Eryk/Documents/DokumentyPUT/Elektronika-Cyfrowa/lab6_pomiarf/testy/mux4_2.vhf sub00/vhpl59 1524745528
AR cb16ce_mxilinx_czestotliwosci behavioral C:/Users/Eryk/Documents/DokumentyPUT/Elektronika-Cyfrowa/lab6_pomiarf/ver3/czestotliwosci.vhf sub00/vhpl37 1525361467
AR ftce_mxilinx_counterlogic behavioral C:/Users/Eryk/Documents/DokumentyPUT/Elektronika-Cyfrowa/lab6_pomiarf/ver3/counterlogic.vhf sub00/vhpl69 1525361479
EN compmc16_mxilinx_czestotliwosci NULL C:/Users/Eryk/Documents/DokumentyPUT/Elektronika-Cyfrowa/lab6_pomiarf/ver3/czestotliwosci.vhf sub00/vhpl48 1525361462
EN fd16ce_mxilinx_czestotliwosci NULL C:/Users/Eryk/Documents/DokumentyPUT/Elektronika-Cyfrowa/lab6_pomiarf/ver3/czestotliwosci.vhf sub00/vhpl32 1525361464
EN c3 NULL C:/Users/Eryk/Documents/DokumentyPUT/Elektronika-Cyfrowa/lab6_pomiarf/ver3/C3.vhf sub00/vhpl26 1525361484
EN gen66_bt NULL C:/Users/Eryk/Documents/DokumentyPUT/Elektronika-Cyfrowa/lab6_pomiarf/ver3/gen66_BT.vhd sub00/vhpl06 1525361432
AR mux4_2 behavioral C:/Users/Eryk/Documents/DokumentyPUT/Elektronika-Cyfrowa/lab6_pomiarf/testy/mux4_2.vhf sub00/vhpl63 1524745532
AR c3_muser_bin2bcd_16 behavioral C:/Users/Eryk/Documents/DokumentyPUT/Elektronika-Cyfrowa/lab6_pomiarf/ver3/bin2bcd_16.vhf sub00/vhpl23 1525361475
EN gen_ctrl NULL C:/Users/Eryk/Documents/DokumentyPUT/Elektronika-Cyfrowa/lab6_pomiarf/ver3/gen66_BT.vhd sub00/vhpl19 1525361445
AR compmc16_mxilinx_czestotliwosci behavioral C:/Users/Eryk/Documents/DokumentyPUT/Elektronika-Cyfrowa/lab6_pomiarf/ver3/czestotliwosci.vhf sub00/vhpl49 1525361463
AR m4_1e_mxilinx_czestotliwosci behavioral C:/Users/Eryk/Documents/DokumentyPUT/Elektronika-Cyfrowa/lab6_pomiarf/ver3/czestotliwosci.vhf sub00/vhpl43 1525361457
EN uart_rx NULL C:/Users/Eryk/Documents/DokumentyPUT/Elektronika-Cyfrowa/lab6_pomiarf/ver3/gen66_BT.vhd sub00/vhpl15 1525361441
AR counterlogic_muser_czestotliwosci behavioral C:/Users/Eryk/Documents/DokumentyPUT/Elektronika-Cyfrowa/lab6_pomiarf/ver3/czestotliwosci.vhf sub00/vhpl67 1525361453
AR dcm_4x behavioral C:/Users/Eryk/Documents/DokumentyPUT/Elektronika-Cyfrowa/lab6_pomiarf/ver3/gen66_BT.vhd sub00/vhpl10 1525361436
AR mux4_2_muser_czestotliwosci behavioral C:/Users/Eryk/Documents/DokumentyPUT/Elektronika-Cyfrowa/lab6_pomiarf/ver3/czestotliwosci.vhf sub00/vhpl45 1525361459
EN m2_1e_mxilinx_mux16_2 NULL C:/Users/Eryk/Documents/DokumentyPUT/Elektronika-Cyfrowa/lab6_pomiarf/testy/mux16_2.vhf sub00/vhpl50 1524745517
EN mux4_2 NULL C:/Users/Eryk/Documents/DokumentyPUT/Elektronika-Cyfrowa/lab6_pomiarf/testy/mux4_2.vhf sub00/vhpl62 1524745531
EN mux16_2 NULL C:/Users/Eryk/Documents/DokumentyPUT/Elektronika-Cyfrowa/lab6_pomiarf/testy/mux16_2.vhf sub00/vhpl56 1524745523
EN counterlogic_muser_czestotliwosci NULL C:/Users/Eryk/Documents/DokumentyPUT/Elektronika-Cyfrowa/lab6_pomiarf/ver3/czestotliwosci.vhf sub00/vhpl66 1525361452
EN cb2ce_mxilinx_czestotliwosci NULL C:/Users/Eryk/Documents/DokumentyPUT/Elektronika-Cyfrowa/lab6_pomiarf/ver3/czestotliwosci.vhf sub00/vhpl64 1525361450
