EN clk_gen_50 NULL C:/Users/Eryk/Documents/DokumentyPUT/Elektronika-Cyfrowa/lab6_pomiarf/ver4/clk_gen_50.vhd sub00/vhpl04 1525595507
EN sel10_4 NULL C:/Users/Eryk/Documents/DokumentyPUT/Elektronika-Cyfrowa/lab6_pomiarf/ver4/sel10_4.vhd sub00/vhpl22 1525634235
AR clk_gen_1hz_v3 behavioral C:/Users/Eryk/Documents/DokumentyPUT/Elektronika-Cyfrowa/lab6_pomiarf/ver4/clk_gen_1Hz_v3.vhd sub00/vhpl01 1525593927
AR gen_ctrl fsm C:/Users/Eryk/Documents/DokumentyPUT/Elektronika-Cyfrowa/lab6_pomiarf/ver4/gen66_BT.vhd sub00/vhpl20 1525634233
AR clk_gen_1hz2_v1 behavioral C:/Users/Eryk/Documents/DokumentyPUT/Elektronika-Cyfrowa/lab6_pomiarf/ver4/clk_gen_1Hz2_v1.vhd sub00/vhpl47 1525595530
AR dds_gen_v2 behavioral C:/Users/Eryk/Documents/DokumentyPUT/Elektronika-Cyfrowa/lab6_pomiarf/ver4/gen66_BT.vhd sub00/vhpl08 1525634221
AR uart_rx mixed C:/Users/Eryk/Documents/DokumentyPUT/Elektronika-Cyfrowa/lab6_pomiarf/ver4/gen66_BT.vhd sub00/vhpl18 1525634231
EN bcd2bin NULL C:/Users/Eryk/Documents/DokumentyPUT/Elektronika-Cyfrowa/lab6_pomiarf/ver4/gen66_BT.vhd sub00/vhpl13 1525634226
AR nx2_bt simple C:/Users/Eryk/Documents/DokumentyPUT/Elektronika-Cyfrowa/lab6_pomiarf/ver4/gen66_BT.vhd sub00/vhpl12 1525634225
AR cb2ce_mxilinx_czestotliwosci behavioral C:/Users/Eryk/Documents/DokumentyPUT/Elektronika-Cyfrowa/lab6_pomiarf/ver4/czestotliwosci.vhf sub00/vhpl29 1525634244
EN counterlogic NULL C:/Users/Eryk/Documents/DokumentyPUT/Elektronika-Cyfrowa/lab6_pomiarf/ver4/counterlogic.vhf sub00/vhpl42 1525634257
EN dds_gen_v2 NULL C:/Users/Eryk/Documents/DokumentyPUT/Elektronika-Cyfrowa/lab6_pomiarf/ver4/gen66_BT.vhd sub00/vhpl07 1525634220
EN clk_gen_1hz2_v1 NULL C:/Users/Eryk/Documents/DokumentyPUT/Elektronika-Cyfrowa/lab6_pomiarf/ver4/clk_gen_1Hz2_v1.vhd sub00/vhpl46 1525595529
AR clk_gen_50 behav C:/Users/Eryk/Documents/DokumentyPUT/Elektronika-Cyfrowa/lab6_pomiarf/ver4/clk_gen_50.vhd sub00/vhpl05 1525595508
EN czestotliwosci NULL C:/Users/Eryk/Documents/DokumentyPUT/Elektronika-Cyfrowa/lab6_pomiarf/ver4/czestotliwosci.vhf sub00/vhpl36 1525634251
EN led4_driver NULL C:/Users/Eryk/Documents/DokumentyPUT/Elektronika-Cyfrowa/lab6_pomiarf/ver4/led4_driver.vhd sub00/vhpl02 1525634217
AR bcd2bin behav C:/Users/Eryk/Documents/DokumentyPUT/Elektronika-Cyfrowa/lab6_pomiarf/ver4/gen66_BT.vhd sub00/vhpl14 1525634227
AR clk_gen_hz_v2 behavioral C:/Users/Eryk/Documents/DokumentyPUT/Elektronika-Cyfrowa/lab6_pomiarf/ver4/clk_gen_1Hz2_v1.vhd sub00/vhpl49 1525634240
EN ftce_mxilinx_counterlogic NULL C:/Users/Eryk/Documents/DokumentyPUT/Elektronika-Cyfrowa/lab6_pomiarf/ver4/counterlogic.vhf sub00/vhpl38 1525634253
AR gen66_bt mix C:/Users/Eryk/Documents/DokumentyPUT/Elektronika-Cyfrowa/lab6_pomiarf/ver4/gen66_BT.vhd sub00/vhpl21 1525634234
EN clk_gen_hz_v2 NULL C:/Users/Eryk/Documents/DokumentyPUT/Elektronika-Cyfrowa/lab6_pomiarf/ver4/clk_gen_1Hz2_v1.vhd sub00/vhpl48 1525634239
EN binary32_bcd NULL C:/Users/Eryk/Documents/DokumentyPUT/Elektronika-Cyfrowa/lab6_pomiarf/ver4/bin2bcd_32bit.vhd sub00/vhpl24 1525593371
EN cb16ce_mxilinx_czestotliwosci NULL C:/Users/Eryk/Documents/DokumentyPUT/Elektronika-Cyfrowa/lab6_pomiarf/ver4/czestotliwosci.vhf sub00/vhpl34 1525634249
AR led4_driver behavioral C:/Users/Eryk/Documents/DokumentyPUT/Elektronika-Cyfrowa/lab6_pomiarf/ver4/led4_driver.vhd sub00/vhpl03 1525634218
AR ftce_mxilinx_czestotliwosci behavioral C:/Users/Eryk/Documents/DokumentyPUT/Elektronika-Cyfrowa/lab6_pomiarf/ver4/czestotliwosci.vhf sub00/vhpl27 1525634242
EN clk_gen_1hz_v3 NULL C:/Users/Eryk/Documents/DokumentyPUT/Elektronika-Cyfrowa/lab6_pomiarf/ver4/clk_gen_1Hz_v3.vhd sub00/vhpl00 1525593926
AR fd16ce_mxilinx_czestotliwosci behavioral C:/Users/Eryk/Documents/DokumentyPUT/Elektronika-Cyfrowa/lab6_pomiarf/ver4/czestotliwosci.vhf sub00/vhpl33 1525634248
EN cb2ce_mxilinx_counterlogic NULL C:/Users/Eryk/Documents/DokumentyPUT/Elektronika-Cyfrowa/lab6_pomiarf/ver4/counterlogic.vhf sub00/vhpl40 1525634255
EN nx2_bt NULL C:/Users/Eryk/Documents/DokumentyPUT/Elektronika-Cyfrowa/lab6_pomiarf/ver4/gen66_BT.vhd sub00/vhpl11 1525634224
AR kcuart_rx low_level_definition C:/Users/Eryk/Documents/DokumentyPUT/Elektronika-Cyfrowa/lab6_pomiarf/ver4/gen66_BT.vhd sub00/vhpl17 1525634230
EN kcuart_rx NULL C:/Users/Eryk/Documents/DokumentyPUT/Elektronika-Cyfrowa/lab6_pomiarf/ver4/gen66_BT.vhd sub00/vhpl16 1525634229
AR czestotliwosci behavioral C:/Users/Eryk/Documents/DokumentyPUT/Elektronika-Cyfrowa/lab6_pomiarf/ver4/czestotliwosci.vhf sub00/vhpl37 1525634252
EN binary_bcd NULL C:/Users/Eryk/Documents/DokumentyPUT/Elektronika-Cyfrowa/lab6_pomiarf/ver4/vhdl1.vhd sub00/vhpl44 1525634237
AR cb2ce_mxilinx_counterlogic behavioral C:/Users/Eryk/Documents/DokumentyPUT/Elektronika-Cyfrowa/lab6_pomiarf/ver4/counterlogic.vhf sub00/vhpl41 1525634256
AR counterlogic behavioral C:/Users/Eryk/Documents/DokumentyPUT/Elektronika-Cyfrowa/lab6_pomiarf/ver4/counterlogic.vhf sub00/vhpl43 1525634258
EN dcm_4x NULL C:/Users/Eryk/Documents/DokumentyPUT/Elektronika-Cyfrowa/lab6_pomiarf/ver4/gen66_BT.vhd sub00/vhpl09 1525634222
EN ftce_mxilinx_czestotliwosci NULL C:/Users/Eryk/Documents/DokumentyPUT/Elektronika-Cyfrowa/lab6_pomiarf/ver4/czestotliwosci.vhf sub00/vhpl26 1525634241
AR cb16ce_mxilinx_czestotliwosci behavioral C:/Users/Eryk/Documents/DokumentyPUT/Elektronika-Cyfrowa/lab6_pomiarf/ver4/czestotliwosci.vhf sub00/vhpl35 1525634250
AR ftce_mxilinx_counterlogic behavioral C:/Users/Eryk/Documents/DokumentyPUT/Elektronika-Cyfrowa/lab6_pomiarf/ver4/counterlogic.vhf sub00/vhpl39 1525634254
AR binary_bcd behaviour C:/Users/Eryk/Documents/DokumentyPUT/Elektronika-Cyfrowa/lab6_pomiarf/ver4/vhdl1.vhd sub00/vhpl45 1525634238
EN fd16ce_mxilinx_czestotliwosci NULL C:/Users/Eryk/Documents/DokumentyPUT/Elektronika-Cyfrowa/lab6_pomiarf/ver4/czestotliwosci.vhf sub00/vhpl32 1525634247
EN gen66_bt NULL C:/Users/Eryk/Documents/DokumentyPUT/Elektronika-Cyfrowa/lab6_pomiarf/ver4/gen66_BT.vhd sub00/vhpl06 1525634219
EN gen_ctrl NULL C:/Users/Eryk/Documents/DokumentyPUT/Elektronika-Cyfrowa/lab6_pomiarf/ver4/gen66_BT.vhd sub00/vhpl19 1525634232
AR binary32_bcd behaviour C:/Users/Eryk/Documents/DokumentyPUT/Elektronika-Cyfrowa/lab6_pomiarf/ver4/bin2bcd_32bit.vhd sub00/vhpl25 1525593372
AR sel10_4 behavi C:/Users/Eryk/Documents/DokumentyPUT/Elektronika-Cyfrowa/lab6_pomiarf/ver4/sel10_4.vhd sub00/vhpl23 1525634236
EN uart_rx NULL C:/Users/Eryk/Documents/DokumentyPUT/Elektronika-Cyfrowa/lab6_pomiarf/ver4/gen66_BT.vhd sub00/vhpl15 1525634228
AR counterlogic_muser_czestotliwosci behavioral C:/Users/Eryk/Documents/DokumentyPUT/Elektronika-Cyfrowa/lab6_pomiarf/ver4/czestotliwosci.vhf sub00/vhpl31 1525634246
AR dcm_4x behavioral C:/Users/Eryk/Documents/DokumentyPUT/Elektronika-Cyfrowa/lab6_pomiarf/ver4/gen66_BT.vhd sub00/vhpl10 1525634223
EN counterlogic_muser_czestotliwosci NULL C:/Users/Eryk/Documents/DokumentyPUT/Elektronika-Cyfrowa/lab6_pomiarf/ver4/czestotliwosci.vhf sub00/vhpl30 1525634245
EN cb2ce_mxilinx_czestotliwosci NULL C:/Users/Eryk/Documents/DokumentyPUT/Elektronika-Cyfrowa/lab6_pomiarf/ver4/czestotliwosci.vhf sub00/vhpl28 1525634243
