EN clk_gen_50 NULL C:/Users/Eryk/Documents/DokumentyPUT/Elektronika-Cyfrowa/lab6_pomiarf/ver4/clk_gen_50.vhd sub00/vhpl04 1525595507
EN sel10_4 NULL C:/Users/Eryk/Documents/DokumentyPUT/Elektronika-Cyfrowa/lab6_pomiarf/ver4/sel10_4.vhd sub00/vhpl22 1525595525
AR clk_gen_1hz_v3 behavioral C:/Users/Eryk/Documents/DokumentyPUT/Elektronika-Cyfrowa/lab6_pomiarf/ver4/clk_gen_1Hz_v3.vhd sub00/vhpl01 1525593927
AR gen_ctrl fsm C:/Users/Eryk/Documents/DokumentyPUT/Elektronika-Cyfrowa/lab6_pomiarf/ver4/gen66_BT.vhd sub00/vhpl20 1525595523
AR clk_gen_1hz2_v1 behavioral C:/Users/Eryk/Documents/DokumentyPUT/Elektronika-Cyfrowa/lab6_pomiarf/ver4/clk_gen_1Hz2_v1.vhd sub00/vhpl47 1525595530
AR dds_gen_v2 behavioral C:/Users/Eryk/Documents/DokumentyPUT/Elektronika-Cyfrowa/lab6_pomiarf/ver4/gen66_BT.vhd sub00/vhpl08 1525595511
AR uart_rx mixed C:/Users/Eryk/Documents/DokumentyPUT/Elektronika-Cyfrowa/lab6_pomiarf/ver4/gen66_BT.vhd sub00/vhpl18 1525595521
EN bcd2bin NULL C:/Users/Eryk/Documents/DokumentyPUT/Elektronika-Cyfrowa/lab6_pomiarf/ver4/gen66_BT.vhd sub00/vhpl13 1525595516
AR nx2_bt simple C:/Users/Eryk/Documents/DokumentyPUT/Elektronika-Cyfrowa/lab6_pomiarf/ver4/gen66_BT.vhd sub00/vhpl12 1525595515
AR cb2ce_mxilinx_czestotliwosci behavioral C:/Users/Eryk/Documents/DokumentyPUT/Elektronika-Cyfrowa/lab6_pomiarf/ver4/czestotliwosci.vhf sub00/vhpl29 1525595534
EN counterlogic NULL C:/Users/Eryk/Documents/DokumentyPUT/Elektronika-Cyfrowa/lab6_pomiarf/ver4/counterlogic.vhf sub00/vhpl42 1525595547
EN dds_gen_v2 NULL C:/Users/Eryk/Documents/DokumentyPUT/Elektronika-Cyfrowa/lab6_pomiarf/ver4/gen66_BT.vhd sub00/vhpl07 1525595510
EN clk_gen_1hz2_v1 NULL C:/Users/Eryk/Documents/DokumentyPUT/Elektronika-Cyfrowa/lab6_pomiarf/ver4/clk_gen_1Hz2_v1.vhd sub00/vhpl46 1525595529
AR clk_gen_50 behav C:/Users/Eryk/Documents/DokumentyPUT/Elektronika-Cyfrowa/lab6_pomiarf/ver4/clk_gen_50.vhd sub00/vhpl05 1525595508
EN czestotliwosci NULL C:/Users/Eryk/Documents/DokumentyPUT/Elektronika-Cyfrowa/lab6_pomiarf/ver4/czestotliwosci.vhf sub00/vhpl36 1525595541
EN led4_driver NULL C:/Users/Eryk/Documents/DokumentyPUT/Elektronika-Cyfrowa/lab6_pomiarf/ver4/led4_driver.vhd sub00/vhpl02 1525595505
AR bcd2bin behav C:/Users/Eryk/Documents/DokumentyPUT/Elektronika-Cyfrowa/lab6_pomiarf/ver4/gen66_BT.vhd sub00/vhpl14 1525595517
EN ftce_mxilinx_counterlogic NULL C:/Users/Eryk/Documents/DokumentyPUT/Elektronika-Cyfrowa/lab6_pomiarf/ver4/counterlogic.vhf sub00/vhpl38 1525595543
AR gen66_bt mix C:/Users/Eryk/Documents/DokumentyPUT/Elektronika-Cyfrowa/lab6_pomiarf/ver4/gen66_BT.vhd sub00/vhpl21 1525595524
EN binary32_bcd NULL C:/Users/Eryk/Documents/DokumentyPUT/Elektronika-Cyfrowa/lab6_pomiarf/ver4/bin2bcd_32bit.vhd sub00/vhpl24 1525593371
EN cb16ce_mxilinx_czestotliwosci NULL C:/Users/Eryk/Documents/DokumentyPUT/Elektronika-Cyfrowa/lab6_pomiarf/ver4/czestotliwosci.vhf sub00/vhpl34 1525595539
AR led4_driver behavioral C:/Users/Eryk/Documents/DokumentyPUT/Elektronika-Cyfrowa/lab6_pomiarf/ver4/led4_driver.vhd sub00/vhpl03 1525595506
AR ftce_mxilinx_czestotliwosci behavioral C:/Users/Eryk/Documents/DokumentyPUT/Elektronika-Cyfrowa/lab6_pomiarf/ver4/czestotliwosci.vhf sub00/vhpl27 1525595532
EN clk_gen_1hz_v3 NULL C:/Users/Eryk/Documents/DokumentyPUT/Elektronika-Cyfrowa/lab6_pomiarf/ver4/clk_gen_1Hz_v3.vhd sub00/vhpl00 1525593926
AR fd16ce_mxilinx_czestotliwosci behavioral C:/Users/Eryk/Documents/DokumentyPUT/Elektronika-Cyfrowa/lab6_pomiarf/ver4/czestotliwosci.vhf sub00/vhpl33 1525595538
EN cb2ce_mxilinx_counterlogic NULL C:/Users/Eryk/Documents/DokumentyPUT/Elektronika-Cyfrowa/lab6_pomiarf/ver4/counterlogic.vhf sub00/vhpl40 1525595545
EN nx2_bt NULL C:/Users/Eryk/Documents/DokumentyPUT/Elektronika-Cyfrowa/lab6_pomiarf/ver4/gen66_BT.vhd sub00/vhpl11 1525595514
AR kcuart_rx low_level_definition C:/Users/Eryk/Documents/DokumentyPUT/Elektronika-Cyfrowa/lab6_pomiarf/ver4/gen66_BT.vhd sub00/vhpl17 1525595520
EN kcuart_rx NULL C:/Users/Eryk/Documents/DokumentyPUT/Elektronika-Cyfrowa/lab6_pomiarf/ver4/gen66_BT.vhd sub00/vhpl16 1525595519
AR czestotliwosci behavioral C:/Users/Eryk/Documents/DokumentyPUT/Elektronika-Cyfrowa/lab6_pomiarf/ver4/czestotliwosci.vhf sub00/vhpl37 1525595542
EN binary_bcd NULL C:/Users/Eryk/Documents/DokumentyPUT/Elektronika-Cyfrowa/lab6_pomiarf/ver4/vhdl1.vhd sub00/vhpl44 1525595527
AR cb2ce_mxilinx_counterlogic behavioral C:/Users/Eryk/Documents/DokumentyPUT/Elektronika-Cyfrowa/lab6_pomiarf/ver4/counterlogic.vhf sub00/vhpl41 1525595546
AR counterlogic behavioral C:/Users/Eryk/Documents/DokumentyPUT/Elektronika-Cyfrowa/lab6_pomiarf/ver4/counterlogic.vhf sub00/vhpl43 1525595548
EN dcm_4x NULL C:/Users/Eryk/Documents/DokumentyPUT/Elektronika-Cyfrowa/lab6_pomiarf/ver4/gen66_BT.vhd sub00/vhpl09 1525595512
EN ftce_mxilinx_czestotliwosci NULL C:/Users/Eryk/Documents/DokumentyPUT/Elektronika-Cyfrowa/lab6_pomiarf/ver4/czestotliwosci.vhf sub00/vhpl26 1525595531
AR cb16ce_mxilinx_czestotliwosci behavioral C:/Users/Eryk/Documents/DokumentyPUT/Elektronika-Cyfrowa/lab6_pomiarf/ver4/czestotliwosci.vhf sub00/vhpl35 1525595540
AR ftce_mxilinx_counterlogic behavioral C:/Users/Eryk/Documents/DokumentyPUT/Elektronika-Cyfrowa/lab6_pomiarf/ver4/counterlogic.vhf sub00/vhpl39 1525595544
AR binary_bcd behaviour C:/Users/Eryk/Documents/DokumentyPUT/Elektronika-Cyfrowa/lab6_pomiarf/ver4/vhdl1.vhd sub00/vhpl45 1525595528
EN fd16ce_mxilinx_czestotliwosci NULL C:/Users/Eryk/Documents/DokumentyPUT/Elektronika-Cyfrowa/lab6_pomiarf/ver4/czestotliwosci.vhf sub00/vhpl32 1525595537
EN gen66_bt NULL C:/Users/Eryk/Documents/DokumentyPUT/Elektronika-Cyfrowa/lab6_pomiarf/ver4/gen66_BT.vhd sub00/vhpl06 1525595509
EN gen_ctrl NULL C:/Users/Eryk/Documents/DokumentyPUT/Elektronika-Cyfrowa/lab6_pomiarf/ver4/gen66_BT.vhd sub00/vhpl19 1525595522
AR binary32_bcd behaviour C:/Users/Eryk/Documents/DokumentyPUT/Elektronika-Cyfrowa/lab6_pomiarf/ver4/bin2bcd_32bit.vhd sub00/vhpl25 1525593372
AR sel10_4 behavi C:/Users/Eryk/Documents/DokumentyPUT/Elektronika-Cyfrowa/lab6_pomiarf/ver4/sel10_4.vhd sub00/vhpl23 1525595526
EN uart_rx NULL C:/Users/Eryk/Documents/DokumentyPUT/Elektronika-Cyfrowa/lab6_pomiarf/ver4/gen66_BT.vhd sub00/vhpl15 1525595518
AR counterlogic_muser_czestotliwosci behavioral C:/Users/Eryk/Documents/DokumentyPUT/Elektronika-Cyfrowa/lab6_pomiarf/ver4/czestotliwosci.vhf sub00/vhpl31 1525595536
AR dcm_4x behavioral C:/Users/Eryk/Documents/DokumentyPUT/Elektronika-Cyfrowa/lab6_pomiarf/ver4/gen66_BT.vhd sub00/vhpl10 1525595513
EN counterlogic_muser_czestotliwosci NULL C:/Users/Eryk/Documents/DokumentyPUT/Elektronika-Cyfrowa/lab6_pomiarf/ver4/czestotliwosci.vhf sub00/vhpl30 1525595535
EN cb2ce_mxilinx_czestotliwosci NULL C:/Users/Eryk/Documents/DokumentyPUT/Elektronika-Cyfrowa/lab6_pomiarf/ver4/czestotliwosci.vhf sub00/vhpl28 1525595533
