EN clk_gen_50 NULL C:/Users/Eryk/Documents/DokumentyPUT/Elektronika-Cyfrowa/lab4_automat/A_projekt/clk_gen_50.vhd sub00/vhpl02 1523527704
AR dekoder behavioral C:/Users/Eryk/Documents/DokumentyPUT/Elektronika-Cyfrowa/lab4_automat/A_projekt/dekoder.vhf sub00/vhpl17 1523527725
AR clk_gen_1hz_v3 behavioral C:/Users/Eryk/Documents/DokumentyPUT/Elektronika-Cyfrowa/lab4_automat/A_projekt/clk_gen_1Hz_v3.vhd sub00/vhpl25 1523527707
EN automat NULL C:/Users/Eryk/Documents/DokumentyPUT/Elektronika-Cyfrowa/lab4_automat/A_projekt/automat.vhf sub00/vhpl14 1523527722
AR clk_gen_50 behav C:/Users/Eryk/Documents/DokumentyPUT/Elektronika-Cyfrowa/lab4_automat/A_projekt/clk_gen_50.vhd sub00/vhpl03 1523527705
EN dekoder_muser_symulacja NULL C:/Users/Eryk/Documents/DokumentyPUT/Elektronika-Cyfrowa/lab4_automat/A_projekt/symulacja.vhf sub00/vhpl04 1523527708
AR logika_muser_automat behavioral C:/Users/Eryk/Documents/DokumentyPUT/Elektronika-Cyfrowa/lab4_automat/A_projekt/automat.vhf sub00/vhpl21 1523527719
EN led4_driver NULL C:/Users/Eryk/Documents/DokumentyPUT/Elektronika-Cyfrowa/lab4_automat/A_projekt/led4_driver.vhd sub00/vhpl00 1523527702
EN automat_muser_symulacja NULL C:/Users/Eryk/Documents/DokumentyPUT/Elektronika-Cyfrowa/lab4_automat/A_projekt/symulacja.vhf sub00/vhpl08 1523527714
AR automat_muser_symulacja behavioral C:/Users/Eryk/Documents/DokumentyPUT/Elektronika-Cyfrowa/lab4_automat/A_projekt/symulacja.vhf sub00/vhpl09 1523527715
EN symulacja NULL C:/Users/Eryk/Documents/DokumentyPUT/Elektronika-Cyfrowa/lab4_automat/A_projekt/symulacja.vhf sub00/vhpl10 1523527716
AR led4_driver behavioral C:/Users/Eryk/Documents/DokumentyPUT/Elektronika-Cyfrowa/lab4_automat/A_projekt/led4_driver.vhd sub00/vhpl01 1523527703
AR fd4ce_mxilinx_symulacja behavioral C:/Users/Eryk/Documents/DokumentyPUT/Elektronika-Cyfrowa/lab4_automat/A_projekt/symulacja.vhf sub00/vhpl07 1523527713
EN clk_gen_1hz_v3 NULL C:/Users/Eryk/Documents/DokumentyPUT/Elektronika-Cyfrowa/lab4_automat/A_projekt/clk_gen_1Hz_v3.vhd sub00/vhpl24 1523527706
AR fd4ce_mxilinx_automat behavioral C:/Users/Eryk/Documents/DokumentyPUT/Elektronika-Cyfrowa/lab4_automat/A_projekt/automat.vhf sub00/vhpl13 1523527721
AR logika_muser_symulacja behavioral C:/Users/Eryk/Documents/DokumentyPUT/Elektronika-Cyfrowa/lab4_automat/A_projekt/symulacja.vhf sub00/vhpl19 1523527711
AR symulacja behavioral C:/Users/Eryk/Documents/DokumentyPUT/Elektronika-Cyfrowa/lab4_automat/A_projekt/symulacja.vhf sub00/vhpl11 1523527717
EN fd4ce_mxilinx_symulacja NULL C:/Users/Eryk/Documents/DokumentyPUT/Elektronika-Cyfrowa/lab4_automat/A_projekt/symulacja.vhf sub00/vhpl06 1523527712
AR logika behavioral C:/Users/Eryk/Documents/DokumentyPUT/Elektronika-Cyfrowa/lab4_automat/A_projekt/logika.vhf sub00/vhpl23 1523527727
EN logika NULL C:/Users/Eryk/Documents/DokumentyPUT/Elektronika-Cyfrowa/lab4_automat/A_projekt/logika.vhf sub00/vhpl22 1523527726
EN fd4ce_mxilinx_automat NULL C:/Users/Eryk/Documents/DokumentyPUT/Elektronika-Cyfrowa/lab4_automat/A_projekt/automat.vhf sub00/vhpl12 1523527720
EN logika_muser_automat NULL C:/Users/Eryk/Documents/DokumentyPUT/Elektronika-Cyfrowa/lab4_automat/A_projekt/automat.vhf sub00/vhpl20 1523527718
EN dekoder NULL C:/Users/Eryk/Documents/DokumentyPUT/Elektronika-Cyfrowa/lab4_automat/A_projekt/dekoder.vhf sub00/vhpl16 1523527724
AR dekoder_muser_symulacja behavioral C:/Users/Eryk/Documents/DokumentyPUT/Elektronika-Cyfrowa/lab4_automat/A_projekt/symulacja.vhf sub00/vhpl05 1523527709
AR automat behavioral C:/Users/Eryk/Documents/DokumentyPUT/Elektronika-Cyfrowa/lab4_automat/A_projekt/automat.vhf sub00/vhpl15 1523527723
EN logika_muser_symulacja NULL C:/Users/Eryk/Documents/DokumentyPUT/Elektronika-Cyfrowa/lab4_automat/A_projekt/symulacja.vhf sub00/vhpl18 1523527710
