EN clk_gen_50 NULL C:/Xilinx/project/lab4_automat/clk_gen_50.vhd sub00/vhpl02 1523367551
AR dekoder behavioral C:/Xilinx/project/lab4_automat/dekoder.vhf sub00/vhpl17 1523367570
EN automat NULL C:/Xilinx/project/lab4_automat/automat.vhf sub00/vhpl14 1523367567
AR clk_gen_50 behav C:/Xilinx/project/lab4_automat/clk_gen_50.vhd sub00/vhpl03 1523367552
EN dekoder_muser_symulacja NULL C:/Xilinx/project/lab4_automat/symulacja.vhf sub00/vhpl04 1523367553
AR logika_muser_automat behavioral C:/Xilinx/project/lab4_automat/automat.vhf sub00/vhpl21 1523367564
EN led4_driver NULL C:/Xilinx/project/lab4_automat/led4_driver.vhd sub00/vhpl00 1523367549
EN automat_muser_symulacja NULL C:/Xilinx/project/lab4_automat/symulacja.vhf sub00/vhpl08 1523367559
AR automat_muser_symulacja behavioral C:/Xilinx/project/lab4_automat/symulacja.vhf sub00/vhpl09 1523367560
EN symulacja NULL C:/Xilinx/project/lab4_automat/symulacja.vhf sub00/vhpl10 1523367561
AR led4_driver behavioral C:/Xilinx/project/lab4_automat/led4_driver.vhd sub00/vhpl01 1523367550
AR fd4ce_mxilinx_symulacja behavioral C:/Xilinx/project/lab4_automat/symulacja.vhf sub00/vhpl07 1523367558
AR fd4ce_mxilinx_automat behavioral C:/Xilinx/project/lab4_automat/automat.vhf sub00/vhpl13 1523367566
AR logika_muser_symulacja behavioral C:/Xilinx/project/lab4_automat/symulacja.vhf sub00/vhpl19 1523367556
AR symulacja behavioral C:/Xilinx/project/lab4_automat/symulacja.vhf sub00/vhpl11 1523367562
EN fd4ce_mxilinx_symulacja NULL C:/Xilinx/project/lab4_automat/symulacja.vhf sub00/vhpl06 1523367557
AR logika behavioral C:/Xilinx/project/lab4_automat/logika.vhf sub00/vhpl23 1523367572
EN logika NULL C:/Xilinx/project/lab4_automat/logika.vhf sub00/vhpl22 1523367571
EN fd4ce_mxilinx_automat NULL C:/Xilinx/project/lab4_automat/automat.vhf sub00/vhpl12 1523367565
EN logika_muser_automat NULL C:/Xilinx/project/lab4_automat/automat.vhf sub00/vhpl20 1523367563
EN dekoder NULL C:/Xilinx/project/lab4_automat/dekoder.vhf sub00/vhpl16 1523367569
AR dekoder_muser_symulacja behavioral C:/Xilinx/project/lab4_automat/symulacja.vhf sub00/vhpl05 1523367554
AR automat behavioral C:/Xilinx/project/lab4_automat/automat.vhf sub00/vhpl15 1523367568
EN logika_muser_symulacja NULL C:/Xilinx/project/lab4_automat/symulacja.vhf sub00/vhpl18 1523367555
