EN clk_gen_50 NULL "C:/Users/Eryk/Documents/DokumentyPUT/Elektronika Cyfrowa/multipleksery/B/clk_gen_50.vhd" sub00/vhpl02 1522317122
EN cb4ce_mxilinx_b NULL "C:/Users/Eryk/Documents/DokumentyPUT/Elektronika Cyfrowa/multipleksery/B/B.vhf" sub00/vhpl06 1522317126
AR lab2_muser_b behavioral "C:/Users/Eryk/Documents/DokumentyPUT/Elektronika Cyfrowa/multipleksery/B/B.vhf" sub00/vhpl09 1522317129
AR clk_gen_50 behav "C:/Users/Eryk/Documents/DokumentyPUT/Elektronika Cyfrowa/multipleksery/B/clk_gen_50.vhd" sub00/vhpl03 1522317123
EN ftce_mxilinx_b NULL "C:/Users/Eryk/Documents/DokumentyPUT/Elektronika Cyfrowa/multipleksery/B/B.vhf" sub00/vhpl04 1522317124
AR b behavioral "C:/Users/Eryk/Documents/DokumentyPUT/Elektronika Cyfrowa/multipleksery/B/B.vhf" sub00/vhpl11 1522317131
EN lab2 NULL "C:/Users/Eryk/Documents/DokumentyPUT/Elektronika Cyfrowa/multipleksery/B/lab2.vhf" sub00/vhpl00 1522317132
AR cb4ce_mxilinx_b behavioral "C:/Users/Eryk/Documents/DokumentyPUT/Elektronika Cyfrowa/multipleksery/B/B.vhf" sub00/vhpl07 1522317127
AR ftce_mxilinx_b behavioral "C:/Users/Eryk/Documents/DokumentyPUT/Elektronika Cyfrowa/multipleksery/B/B.vhf" sub00/vhpl05 1522317125
EN b NULL "C:/Users/Eryk/Documents/DokumentyPUT/Elektronika Cyfrowa/multipleksery/B/B.vhf" sub00/vhpl10 1522317130
AR lab2 behavioral "C:/Users/Eryk/Documents/DokumentyPUT/Elektronika Cyfrowa/multipleksery/B/lab2.vhf" sub00/vhpl01 1522317133
EN lab2_muser_b NULL "C:/Users/Eryk/Documents/DokumentyPUT/Elektronika Cyfrowa/multipleksery/B/B.vhf" sub00/vhpl08 1522317128
