EN sel10_4 NULL C:/Users/Eryk/Documents/DokumentyPUT/Elektronika-Cyfrowa/lab6_pomiarf/ver5/sel10_4.vhd sub00/vhpl18 1525635993
AR gen_ctrl fsm C:/Users/Eryk/Documents/DokumentyPUT/Elektronika-Cyfrowa/lab6_pomiarf/ver5/gen66_BT.vhd sub00/vhpl16 1525635991
AR dds_gen_v2 behavioral C:/Users/Eryk/Documents/DokumentyPUT/Elektronika-Cyfrowa/lab6_pomiarf/ver5/gen66_BT.vhd sub00/vhpl04 1525635979
AR uart_rx mixed C:/Users/Eryk/Documents/DokumentyPUT/Elektronika-Cyfrowa/lab6_pomiarf/ver5/gen66_BT.vhd sub00/vhpl14 1525635989
EN bcd2bin NULL C:/Users/Eryk/Documents/DokumentyPUT/Elektronika-Cyfrowa/lab6_pomiarf/ver5/gen66_BT.vhd sub00/vhpl09 1525635984
AR nx2_bt simple C:/Users/Eryk/Documents/DokumentyPUT/Elektronika-Cyfrowa/lab6_pomiarf/ver5/gen66_BT.vhd sub00/vhpl08 1525635983
EN dds_gen_v2 NULL C:/Users/Eryk/Documents/DokumentyPUT/Elektronika-Cyfrowa/lab6_pomiarf/ver5/gen66_BT.vhd sub00/vhpl03 1525635978
EN czestotliwosci NULL C:/Users/Eryk/Documents/DokumentyPUT/Elektronika-Cyfrowa/lab6_pomiarf/ver5/czestotliwosci.vhf sub00/vhpl32 1525636007
EN led4_driver NULL C:/Users/Eryk/Documents/DokumentyPUT/Elektronika-Cyfrowa/lab6_pomiarf/ver5/led4_driver.vhd sub00/vhpl00 1525635975
AR bcd2bin behav C:/Users/Eryk/Documents/DokumentyPUT/Elektronika-Cyfrowa/lab6_pomiarf/ver5/gen66_BT.vhd sub00/vhpl10 1525635985
AR clk_gen_hz_v2 behavioral C:/Users/Eryk/Documents/DokumentyPUT/Elektronika-Cyfrowa/lab6_pomiarf/ver5/clk_gen_1Hz2_v1.vhd sub00/vhpl23 1525635998
AR gen66_bt mix C:/Users/Eryk/Documents/DokumentyPUT/Elektronika-Cyfrowa/lab6_pomiarf/ver5/gen66_BT.vhd sub00/vhpl17 1525635992
EN trigger NULL C:/Users/Eryk/Documents/DokumentyPUT/Elektronika-Cyfrowa/lab6_pomiarf/ver5/trigger.vhd sub00/vhpl24 1525635999
EN clk_gen_hz_v2 NULL C:/Users/Eryk/Documents/DokumentyPUT/Elektronika-Cyfrowa/lab6_pomiarf/ver5/clk_gen_1Hz2_v1.vhd sub00/vhpl22 1525635997
EN cb16ce_mxilinx_czestotliwosci NULL C:/Users/Eryk/Documents/DokumentyPUT/Elektronika-Cyfrowa/lab6_pomiarf/ver5/czestotliwosci.vhf sub00/vhpl30 1525636005
AR led4_driver behavioral C:/Users/Eryk/Documents/DokumentyPUT/Elektronika-Cyfrowa/lab6_pomiarf/ver5/led4_driver.vhd sub00/vhpl01 1525635976
AR ftce_mxilinx_czestotliwosci behavioral C:/Users/Eryk/Documents/DokumentyPUT/Elektronika-Cyfrowa/lab6_pomiarf/ver5/czestotliwosci.vhf sub00/vhpl29 1525636004
AR fd16ce_mxilinx_czestotliwosci behavioral C:/Users/Eryk/Documents/DokumentyPUT/Elektronika-Cyfrowa/lab6_pomiarf/ver5/czestotliwosci.vhf sub00/vhpl27 1525636002
EN nx2_bt NULL C:/Users/Eryk/Documents/DokumentyPUT/Elektronika-Cyfrowa/lab6_pomiarf/ver5/gen66_BT.vhd sub00/vhpl07 1525635982
AR kcuart_rx low_level_definition C:/Users/Eryk/Documents/DokumentyPUT/Elektronika-Cyfrowa/lab6_pomiarf/ver5/gen66_BT.vhd sub00/vhpl13 1525635988
EN kcuart_rx NULL C:/Users/Eryk/Documents/DokumentyPUT/Elektronika-Cyfrowa/lab6_pomiarf/ver5/gen66_BT.vhd sub00/vhpl12 1525635987
AR czestotliwosci behavioral C:/Users/Eryk/Documents/DokumentyPUT/Elektronika-Cyfrowa/lab6_pomiarf/ver5/czestotliwosci.vhf sub00/vhpl33 1525636008
EN binary_bcd NULL C:/Users/Eryk/Documents/DokumentyPUT/Elektronika-Cyfrowa/lab6_pomiarf/ver5/vhdl1.vhd sub00/vhpl20 1525635995
EN dcm_4x NULL C:/Users/Eryk/Documents/DokumentyPUT/Elektronika-Cyfrowa/lab6_pomiarf/ver5/gen66_BT.vhd sub00/vhpl05 1525635980
EN ftce_mxilinx_czestotliwosci NULL C:/Users/Eryk/Documents/DokumentyPUT/Elektronika-Cyfrowa/lab6_pomiarf/ver5/czestotliwosci.vhf sub00/vhpl28 1525636003
AR cb16ce_mxilinx_czestotliwosci behavioral C:/Users/Eryk/Documents/DokumentyPUT/Elektronika-Cyfrowa/lab6_pomiarf/ver5/czestotliwosci.vhf sub00/vhpl31 1525636006
AR binary_bcd behaviour C:/Users/Eryk/Documents/DokumentyPUT/Elektronika-Cyfrowa/lab6_pomiarf/ver5/vhdl1.vhd sub00/vhpl21 1525635996
EN fd16ce_mxilinx_czestotliwosci NULL C:/Users/Eryk/Documents/DokumentyPUT/Elektronika-Cyfrowa/lab6_pomiarf/ver5/czestotliwosci.vhf sub00/vhpl26 1525636001
EN gen66_bt NULL C:/Users/Eryk/Documents/DokumentyPUT/Elektronika-Cyfrowa/lab6_pomiarf/ver5/gen66_BT.vhd sub00/vhpl02 1525635977
EN gen_ctrl NULL C:/Users/Eryk/Documents/DokumentyPUT/Elektronika-Cyfrowa/lab6_pomiarf/ver5/gen66_BT.vhd sub00/vhpl15 1525635990
AR sel10_4 behavi C:/Users/Eryk/Documents/DokumentyPUT/Elektronika-Cyfrowa/lab6_pomiarf/ver5/sel10_4.vhd sub00/vhpl19 1525635994
AR trigger behavtrigger C:/Users/Eryk/Documents/DokumentyPUT/Elektronika-Cyfrowa/lab6_pomiarf/ver5/trigger.vhd sub00/vhpl25 1525636000
EN uart_rx NULL C:/Users/Eryk/Documents/DokumentyPUT/Elektronika-Cyfrowa/lab6_pomiarf/ver5/gen66_BT.vhd sub00/vhpl11 1525635986
AR dcm_4x behavioral C:/Users/Eryk/Documents/DokumentyPUT/Elektronika-Cyfrowa/lab6_pomiarf/ver5/gen66_BT.vhd sub00/vhpl06 1525635981
